Component: ARM Compiler 5.06 update 7 (build 960) Tool: armlink [4d3601]

==============================================================================

Section Cross References

    startup_stm32f103xb.o(RESET) refers to startup_stm32f103xb.o(STACK) for __initial_sp
    startup_stm32f103xb.o(RESET) refers to startup_stm32f103xb.o(.text) for Reset_Handler
    startup_stm32f103xb.o(RESET) refers to stm32f1xx_it.o(i.NMI_Handler) for NMI_Handler
    startup_stm32f103xb.o(RESET) refers to stm32f1xx_it.o(i.HardFault_Handler) for HardFault_Handler
    startup_stm32f103xb.o(RESET) refers to stm32f1xx_it.o(i.MemManage_Handler) for MemManage_Handler
    startup_stm32f103xb.o(RESET) refers to stm32f1xx_it.o(i.BusFault_Handler) for BusFault_Handler
    startup_stm32f103xb.o(RESET) refers to stm32f1xx_it.o(i.UsageFault_Handler) for UsageFault_Handler
    startup_stm32f103xb.o(RESET) refers to stm32f1xx_it.o(i.SVC_Handler) for SVC_Handler
    startup_stm32f103xb.o(RESET) refers to stm32f1xx_it.o(i.DebugMon_Handler) for DebugMon_Handler
    startup_stm32f103xb.o(RESET) refers to stm32f1xx_it.o(i.PendSV_Handler) for PendSV_Handler
    startup_stm32f103xb.o(RESET) refers to stm32f1xx_it.o(i.SysTick_Handler) for SysTick_Handler
    startup_stm32f103xb.o(RESET) refers to stm32f1xx_it.o(i.DMA1_Channel6_IRQHandler) for DMA1_Channel6_IRQHandler
    startup_stm32f103xb.o(RESET) refers to stm32f1xx_it.o(i.USART1_IRQHandler) for USART1_IRQHandler
    startup_stm32f103xb.o(RESET) refers to stm32f1xx_it.o(i.USART2_IRQHandler) for USART2_IRQHandler
    startup_stm32f103xb.o(.text) refers to system_stm32f1xx.o(i.SystemInit) for SystemInit
    startup_stm32f103xb.o(.text) refers to entry.o(.ARM.Collect$$$$00000000) for __main
    main.o(i.SystemClock_Config) refers to memseta.o(.text) for __aeabi_memclr4
    main.o(i.SystemClock_Config) refers to stm32f1xx_hal_rcc.o(i.HAL_RCC_OscConfig) for HAL_RCC_OscConfig
    main.o(i.SystemClock_Config) refers to stm32f1xx_hal_rcc.o(i.HAL_RCC_ClockConfig) for HAL_RCC_ClockConfig
    main.o(i.main) refers to stm32f1xx_hal.o(i.HAL_Init) for HAL_Init
    main.o(i.main) refers to main.o(i.SystemClock_Config) for SystemClock_Config
    main.o(i.main) refers to gpio.o(i.MX_GPIO_Init) for MX_GPIO_Init
    main.o(i.main) refers to dma.o(i.MX_DMA_Init) for MX_DMA_Init
    main.o(i.main) refers to usart.o(i.MX_USART1_UART_Init) for MX_USART1_UART_Init
    main.o(i.main) refers to usart.o(i.MX_USART2_UART_Init) for MX_USART2_UART_Init
    main.o(i.main) refers to spi.o(i.MX_SPI2_Init) for MX_SPI2_Init
    main.o(i.main) refers to stm32f1xx_hal_uart.o(i.HAL_UART_Receive_DMA) for HAL_UART_Receive_DMA
    main.o(i.main) refers to w25qxx.o(i.BSP_W25Qx_Init) for BSP_W25Qx_Init
    main.o(i.main) refers to lcd_init.o(i.LCD_Init) for LCD_Init
    main.o(i.main) refers to lcd.o(i.LCD_Fill) for LCD_Fill
    main.o(i.main) refers to lcd.o(i.LCD_ShowString) for LCD_ShowString
    main.o(i.main) refers to stm32f1xx_hal_gpio.o(i.HAL_GPIO_WritePin) for HAL_GPIO_WritePin
    main.o(i.main) refers to bootloader.o(i.bootloader_judge) for bootloader_judge
    main.o(i.main) refers to bootloader.o(i.bootloader_event) for bootloader_event
    main.o(i.main) refers to usart.o(i.wifi_printf) for wifi_printf
    main.o(i.main) refers to w25qxx.o(i.BSP_W25Qx_Erase_Blocks) for BSP_W25Qx_Erase_Blocks
    main.o(i.main) refers to w25qxx.o(i.BSP_W25Qx_Read) for BSP_W25Qx_Read
    main.o(i.main) refers to w25qxx.o(i.BSP_W25Qx_Write_Blocks) for BSP_W25Qx_Write_Blocks
    main.o(i.main) refers to bootloader.o(i.writeota_flag) for writeota_flag
    main.o(i.main) refers to usart.o(.bss) for huart2
    main.o(i.main) refers to main.o(.bss) for .bss
    main.o(i.main) refers to main.o(.data) for .data
    gpio.o(i.MX_GPIO_Init) refers to stm32f1xx_hal_gpio.o(i.HAL_GPIO_WritePin) for HAL_GPIO_WritePin
    gpio.o(i.MX_GPIO_Init) refers to stm32f1xx_hal_gpio.o(i.HAL_GPIO_Init) for HAL_GPIO_Init
    dma.o(i.MX_DMA_Init) refers to stm32f1xx_hal_cortex.o(i.HAL_NVIC_SetPriority) for HAL_NVIC_SetPriority
    dma.o(i.MX_DMA_Init) refers to stm32f1xx_hal_cortex.o(i.HAL_NVIC_EnableIRQ) for HAL_NVIC_EnableIRQ
    spi.o(i.HAL_SPI_MspDeInit) refers to stm32f1xx_hal_gpio.o(i.HAL_GPIO_DeInit) for HAL_GPIO_DeInit
    spi.o(i.HAL_SPI_MspInit) refers to stm32f1xx_hal_gpio.o(i.HAL_GPIO_Init) for HAL_GPIO_Init
    spi.o(i.MX_SPI2_Init) refers to stm32f1xx_hal_spi.o(i.HAL_SPI_Init) for HAL_SPI_Init
    spi.o(i.MX_SPI2_Init) refers to main.o(i.Error_Handler) for Error_Handler
    spi.o(i.MX_SPI2_Init) refers to spi.o(.bss) for .bss
    usart.o(i.HAL_UART_MspDeInit) refers to stm32f1xx_hal_gpio.o(i.HAL_GPIO_DeInit) for HAL_GPIO_DeInit
    usart.o(i.HAL_UART_MspDeInit) refers to stm32f1xx_hal_dma.o(i.HAL_DMA_DeInit) for HAL_DMA_DeInit
    usart.o(i.HAL_UART_MspDeInit) refers to stm32f1xx_hal_cortex.o(i.HAL_NVIC_DisableIRQ) for HAL_NVIC_DisableIRQ
    usart.o(i.HAL_UART_MspInit) refers to stm32f1xx_hal_gpio.o(i.HAL_GPIO_Init) for HAL_GPIO_Init
[...]
    Removing stm32f1xx_hal_gpio.o(i.HAL_GPIO_ReadPin), (10 bytes).
    Removing stm32f1xx_hal_gpio.o(i.HAL_GPIO_TogglePin), (16 bytes).
    Removing stm32f1xx_hal_dma.o(.rev16_text), (4 bytes).
    Removing stm32f1xx_hal_dma.o(.revsh_text), (4 bytes).
    Removing stm32f1xx_hal_dma.o(.rrx_text), (6 bytes).
    Removing stm32f1xx_hal_dma.o(i.HAL_DMA_GetError), (4 bytes).
    Removing stm32f1xx_hal_dma.o(i.HAL_DMA_GetState), (6 bytes).
    Removing stm32f1xx_hal_dma.o(i.HAL_DMA_PollForTransfer), (532 bytes).
    Removing stm32f1xx_hal_dma.o(i.HAL_DMA_RegisterCallback), (74 bytes).
    Removing stm32f1xx_hal_dma.o(i.HAL_DMA_Start), (80 bytes).
    Removing stm32f1xx_hal_dma.o(i.HAL_DMA_UnRegisterCallback), (82 bytes).
    Removing stm32f1xx_hal_cortex.o(.rev16_text), (4 bytes).
    Removing stm32f1xx_hal_cortex.o(.revsh_text), (4 bytes).
    Removing stm32f1xx_hal_cortex.o(.rrx_text), (6 bytes).
    Removing stm32f1xx_hal_cortex.o(i.HAL_NVIC_ClearPendingIRQ), (26 bytes).
    Removing stm32f1xx_hal_cortex.o(i.HAL_NVIC_GetActive), (36 bytes).
    Removing stm32f1xx_hal_cortex.o(i.HAL_NVIC_GetPendingIRQ), (36 bytes).
    Removing stm32f1xx_hal_cortex.o(i.HAL_NVIC_GetPriority), (82 bytes).
    Removing stm32f1xx_hal_cortex.o(i.HAL_NVIC_GetPriorityGrouping), (16 bytes).
    Removing stm32f1xx_hal_cortex.o(i.HAL_NVIC_SetPendingIRQ), (26 bytes).
    Removing stm32f1xx_hal_cortex.o(i.HAL_NVIC_SystemReset), (36 bytes).
    Removing stm32f1xx_hal_cortex.o(i.HAL_SYSTICK_CLKSourceConfig), (24 bytes).
    Removing stm32f1xx_hal_cortex.o(i.HAL_SYSTICK_Callback), (2 bytes).
    Removing stm32f1xx_hal_cortex.o(i.HAL_SYSTICK_IRQHandler), (8 bytes).
    Removing stm32f1xx_hal_pwr.o(.rev16_text), (4 bytes).
    Removing stm32f1xx_hal_pwr.o(.revsh_text), (4 bytes).
    Removing stm32f1xx_hal_pwr.o(.rrx_text), (6 bytes).
    Removing stm32f1xx_hal_pwr.o(i.HAL_PWR_ConfigPVD), (124 bytes).
    Removing stm32f1xx_hal_pwr.o(i.HAL_PWR_DeInit), (24 bytes).
    Removing stm32f1xx_hal_pwr.o(i.HAL_PWR_DisableBkUpAccess), (12 bytes).
    Removing stm32f1xx_hal_pwr.o(i.HAL_PWR_DisablePVD), (12 bytes).
    Removing stm32f1xx_hal_pwr.o(i.HAL_PWR_DisableSEVOnPend), (16 bytes).
    Removing stm32f1xx_hal_pwr.o(i.HAL_PWR_DisableSleepOnExit), (16 bytes).
    Removing stm32f1xx_hal_pwr.o(i.HAL_PWR_DisableWakeUpPin), (28 bytes).
    Removing stm32f1xx_hal_pwr.o(i.HAL_PWR_EnableBkUpAccess), (12 bytes).
    Removing stm32f1xx_hal_pwr.o(i.HAL_PWR_EnablePVD), (12 bytes).
    Removing stm32f1xx_hal_pwr.o(i.HAL_PWR_EnableSEVOnPend), (16 bytes).
    Removing stm32f1xx_hal_pwr.o(i.HAL_PWR_EnableSleepOnExit), (16 bytes).
    Removing stm32f1xx_hal_pwr.o(i.HAL_PWR_EnableWakeUpPin), (28 bytes).
    Removing stm32f1xx_hal_pwr.o(i.HAL_PWR_EnterSLEEPMode), (32 bytes).
    Removing stm32f1xx_hal_pwr.o(i.HAL_PWR_EnterSTANDBYMode), (32 bytes).
    Removing stm32f1xx_hal_pwr.o(i.HAL_PWR_EnterSTOPMode), (68 bytes).
    Removing stm32f1xx_hal_pwr.o(i.HAL_PWR_PVDCallback), (2 bytes).
    Removing stm32f1xx_hal_pwr.o(i.HAL_PWR_PVD_IRQHandler), (28 bytes).
    Removing stm32f1xx_hal_pwr.o(i.PWR_OverloadWfe), (6 bytes).
    Removing stm32f1xx_hal_flash.o(.rev16_text), (4 bytes).
    Removing stm32f1xx_hal_flash.o(.revsh_text), (4 bytes).
    Removing stm32f1xx_hal_flash.o(.rrx_text), (6 bytes).
    Removing stm32f1xx_hal_flash.o(i.HAL_FLASH_EndOfOperationCallback), (2 bytes).
    Removing stm32f1xx_hal_flash.o(i.HAL_FLASH_GetError), (12 bytes).
    Removing stm32f1xx_hal_flash.o(i.HAL_FLASH_IRQHandler), (264 bytes).
    Removing stm32f1xx_hal_flash.o(i.HAL_FLASH_OB_Launch), (4 bytes).
    Removing stm32f1xx_hal_flash.o(i.HAL_FLASH_OB_Lock), (20 bytes).
    Removing stm32f1xx_hal_flash.o(i.HAL_FLASH_OB_Unlock), (36 bytes).
    Removing stm32f1xx_hal_flash.o(i.HAL_FLASH_OperationErrorCallback), (2 bytes).
    Removing stm32f1xx_hal_flash.o(i.HAL_FLASH_Program_IT), (80 bytes).
    Removing stm32f1xx_hal_flash_ex.o(.rev16_text), (4 bytes).
    Removing stm32f1xx_hal_flash_ex.o(.revsh_text), (4 bytes).
    Removing stm32f1xx_hal_flash_ex.o(.rrx_text), (6 bytes).
    Removing stm32f1xx_hal_flash_ex.o(i.FLASH_OB_DisableWRP), (176 bytes).
    Removing stm32f1xx_hal_flash_ex.o(i.FLASH_OB_EnableWRP), (176 bytes).
    Removing stm32f1xx_hal_flash_ex.o(i.FLASH_OB_GetRDP), (24 bytes).
    Removing stm32f1xx_hal_flash_ex.o(i.FLASH_OB_RDP_LevelConfig), (100 bytes).
    Removing stm32f1xx_hal_flash_ex.o(i.HAL_FLASHEx_Erase_IT), (72 bytes).
    Removing stm32f1xx_hal_flash_ex.o(i.HAL_FLASHEx_OBErase), (84 bytes).
    Removing stm32f1xx_hal_flash_ex.o(i.HAL_FLASHEx_OBGetConfig), (36 bytes).
    Removing stm32f1xx_hal_flash_ex.o(i.HAL_FLASHEx_OBGetUserData), (32 bytes).
    Removing stm32f1xx_hal_flash_ex.o(i.HAL_FLASHEx_OBProgram), (200 bytes).
    Removing stm32f1xx_hal_exti.o(.rev16_text), (4 bytes).
    Removing stm32f1xx_hal_exti.o(.revsh_text), (4 bytes).
    Removing stm32f1xx_hal_exti.o(.rrx_text), (6 bytes).
    Removing stm32f1xx_hal_exti.o(i.HAL_EXTI_ClearConfigLine), (104 bytes).
    Removing stm32f1xx_hal_exti.o(i.HAL_EXTI_ClearPending), (20 bytes).
    Removing stm32f1xx_hal_exti.o(i.HAL_EXTI_GenerateSWI), (20 bytes).
    Removing stm32f1xx_hal_exti.o(i.HAL_EXTI_GetConfigLine), (140 bytes).
    Removing stm32f1xx_hal_exti.o(i.HAL_EXTI_GetHandle), (12 bytes).
    Removing stm32f1xx_hal_exti.o(i.HAL_EXTI_GetPending), (24 bytes).
    Removing stm32f1xx_hal_exti.o(i.HAL_EXTI_IRQHandler), (36 bytes).
    Removing stm32f1xx_hal_exti.o(i.HAL_EXTI_RegisterCallback), (14 bytes).
    Removing stm32f1xx_hal_exti.o(i.HAL_EXTI_SetConfigLine), (164 bytes).
    Removing stm32f1xx_hal_tim.o(.rev16_text), (4 bytes).
    Removing stm32f1xx_hal_tim.o(.revsh_text), (4 bytes).
    Removing stm32f1xx_hal_tim.o(.rrx_text), (6 bytes).
    Removing stm32f1xx_hal_tim_ex.o(.rev16_text), (4 bytes).
    Removing stm32f1xx_hal_tim_ex.o(.revsh_text), (4 bytes).
    Removing stm32f1xx_hal_tim_ex.o(.rrx_text), (6 bytes).
    Removing stm32f1xx_hal_uart.o(.rev16_text), (4 bytes).
    Removing stm32f1xx_hal_uart.o(.revsh_text), (4 bytes).
    Removing stm32f1xx_hal_uart.o(.rrx_text), (6 bytes).
    Removing stm32f1xx_hal_uart.o(i.HAL_HalfDuplex_EnableReceiver), (50 bytes).
    Removing stm32f1xx_hal_uart.o(i.HAL_HalfDuplex_EnableTransmitter), (50 bytes).
    Removing stm32f1xx_hal_uart.o(i.HAL_HalfDuplex_Init), (110 bytes).
    Removing stm32f1xx_hal_uart.o(i.HAL_LIN_Init), (130 bytes).
    Removing stm32f1xx_hal_uart.o(i.HAL_LIN_SendBreak), (60 bytes).
    Removing stm32f1xx_hal_uart.o(i.HAL_MultiProcessor_EnterMuteMode), (62 bytes).
    Removing stm32f1xx_hal_uart.o(i.HAL_MultiProcessor_ExitMuteMode), (62 bytes).
    Removing stm32f1xx_hal_uart.o(i.HAL_MultiProcessor_Init), (144 bytes).
    Removing stm32f1xx_hal_uart.o(i.HAL_UARTEx_GetRxEventType), (4 bytes).
    Removing stm32f1xx_hal_uart.o(i.HAL_UARTEx_ReceiveToIdle), (240 bytes).
    Removing stm32f1xx_hal_uart.o(i.HAL_UARTEx_ReceiveToIdle_DMA), (74 bytes).
    Removing stm32f1xx_hal_uart.o(i.HAL_UARTEx_ReceiveToIdle_IT), (78 bytes).
    Removing stm32f1xx_hal_uart.o(i.HAL_UART_Abort), (210 bytes).
    Removing stm32f1xx_hal_uart.o(i.HAL_UART_AbortCpltCallback), (2 bytes).
    Removing stm32f1xx_hal_uart.o(i.HAL_UART_AbortReceive), (148 bytes).
    Removing stm32f1xx_hal_uart.o(i.HAL_UART_AbortReceiveCpltCallback), (2 bytes).
    Removing stm32f1xx_hal_uart.o(i.HAL_UART_AbortReceive_IT), (152 bytes).
    Removing stm32f1xx_hal_uart.o(i.HAL_UART_AbortTransmit), (98 bytes).
    Removing stm32f1xx_hal_uart.o(i.HAL_UART_AbortTransmitCpltCallback), (2 bytes).
    Removing stm32f1xx_hal_uart.o(i.HAL_UART_AbortTransmit_IT), (104 bytes).
    Removing stm32f1xx_hal_uart.o(i.HAL_UART_Abort_IT), (244 bytes).
    Removing stm32f1xx_hal_uart.o(i.HAL_UART_DMAPause), (120 bytes).
    Removing stm32f1xx_hal_uart.o(i.HAL_UART_DMAResume), (114 bytes).
    Removing stm32f1xx_hal_uart.o(i.HAL_UART_GetError), (4 bytes).
    Removing stm32f1xx_hal_uart.o(i.HAL_UART_GetState), (10 bytes).
    Removing stm32f1xx_hal_uart.o(i.HAL_UART_MspDeInit), (2 bytes).
    Removing stm32f1xx_hal_uart.o(i.HAL_UART_MspInit), (2 bytes).
    Removing stm32f1xx_hal_uart.o(i.HAL_UART_Receive), (176 bytes).
    Removing stm32f1xx_hal_uart.o(i.HAL_UART_Receive_IT), (28 bytes).
    Removing stm32f1xx_hal_uart.o(i.HAL_UART_Transmit_DMA), (120 bytes).
    Removing stm32f1xx_hal_uart.o(i.HAL_UART_Transmit_IT), (50 bytes).
    Removing stm32f1xx_hal_uart.o(i.HAL_UART_TxHalfCpltCallback), (2 bytes).
    Removing stm32f1xx_hal_uart.o(i.UART_DMARxAbortCallback), (44 bytes).
    Removing stm32f1xx_hal_uart.o(i.UART_DMARxOnlyAbortCallback), (22 bytes).
    Removing stm32f1xx_hal_uart.o(i.UART_DMATransmitCplt), (66 bytes).
    Removing stm32f1xx_hal_uart.o(i.UART_DMATxAbortCallback), (44 bytes).
    Removing stm32f1xx_hal_uart.o(i.UART_DMATxHalfCplt), (10 bytes).
    Removing stm32f1xx_hal_uart.o(i.UART_DMATxOnlyAbortCallback), (20 bytes).
    Removing stm32f1xx_hal_uart.o(i.UART_Start_Receive_IT), (54 bytes).
    Removing system_stm32f1xx.o(.rev16_text), (4 bytes).
    Removing system_stm32f1xx.o(.revsh_text), (4 bytes).
    Removing system_stm32f1xx.o(.rrx_text), (6 bytes).
    Removing system_stm32f1xx.o(i.SystemCoreClockUpdate), (104 bytes).
    Removing w25qxx.o(.rev16_text), (4 bytes).
    Removing w25qxx.o(.revsh_text), (4 bytes).
    Removing w25qxx.o(.rrx_text), (6 bytes).
    Removing w25qxx.o(i.BSP_W25Qx_Erase_Block), (116 bytes).
    Removing w25qxx.o(i.BSP_W25Qx_Erase_Chip), (100 bytes).
    Removing w25qxx.o(i.BSP_W25Qx_Read_ID), (80 bytes).
    Removing lcd.o(.rev16_text), (4 bytes).
    Removing lcd.o(.revsh_text), (4 bytes).
    Removing lcd.o(.rrx_text), (6 bytes).
    Removing lcd.o(i.Draw_Circle), (188 bytes).
    Removing lcd.o(i.LCD_DrawLine), (156 bytes).
    Removing lcd.o(i.LCD_DrawRectangle), (68 bytes).
    Removing lcd.o(i.LCD_ShowChinese), (140 bytes).
    Removing lcd.o(i.LCD_ShowChinese12x12), (248 bytes).
    Removing lcd.o(i.LCD_ShowChinese16x16), (244 bytes).
    Removing lcd.o(i.LCD_ShowChinese24x24), (248 bytes).
    Removing lcd.o(i.LCD_ShowChinese32x32), (244 bytes).
    Removing lcd.o(i.LCD_ShowFlashChar), (270 bytes).
    Removing lcd.o(i.LCD_ShowFlashGB2312), (352 bytes).
    Removing lcd.o(i.LCD_ShowFlashString), (118 bytes).
    Removing lcd.o(i.LCD_ShowFloatNum1), (144 bytes).
    Removing lcd.o(i.LCD_ShowIntNum), (126 bytes).
    Removing lcd.o(i.LCD_ShowPicture), (80 bytes).
    Removing lcd.o(i.mypow), (16 bytes).
    Removing lcd_init.o(.rev16_text), (4 bytes).
    Removing lcd_init.o(.revsh_text), (4 bytes).
    Removing lcd_init.o(.rrx_text), (6 bytes).
    Removing lcd_init.o(i.LCD_WR_DATA8), (4 bytes).
    Removing bootloader.o(.rev16_text), (4 bytes).
    Removing bootloader.o(.revsh_text), (4 bytes).
    Removing bootloader.o(.rrx_text), (6 bytes).
    Removing myflash.o(.rev16_text), (4 bytes).
    Removing myflash.o(.revsh_text), (4 bytes).
    Removing myflash.o(.rrx_text), (6 bytes).
    Removing myflash.o(i.MyFLASH_ProgramWord), (30 bytes).
    Removing myflash.o(i.MyFLASH_ReadByte), (4 bytes).
    Removing myflash.o(i.MyFLASH_ReadWord), (4 bytes).
    Removing store.o(.rev16_text), (4 bytes).
    Removing store.o(.revsh_text), (4 bytes).
    Removing store.o(.rrx_text), (6 bytes).
    Removing store.o(i.Store_Clear), (28 bytes).
    Removing fmul.o(.text), (100 bytes).
    Removing ffixui.o(.text), (40 bytes).

305 unused section(s) (total 15996 bytes) removed from the image.

==============================================================================

Image Symbol Table

    Local Symbols

    Symbol Name                              Value     Ov Type        Size  Object(Section)

    ../Core/Src/dma.c                        0x00000000   Number         0  dma.o ABSOLUTE
    ../Core/Src/gpio.c                       0x00000000   Number         0  gpio.o ABSOLUTE
    ../Core/Src/main.c                       0x00000000   Number         0  main.o ABSOLUTE
    ../Core/Src/spi.c                        0x00000000   Number         0  spi.o ABSOLUTE
    ../Core/Src/stm32f1xx_hal_msp.c          0x00000000   Number         0  stm32f1xx_hal_msp.o ABSOLUTE
    ../Core/Src/stm32f1xx_it.c               0x00000000   Number         0  stm32f1xx_it.o ABSOLUTE
    ../Core/Src/system_stm32f1xx.c           0x00000000   Number         0  system_stm32f1xx.o ABSOLUTE
    ../Core/Src/usart.c                      0x00000000   Number         0  usart.o ABSOLUTE
    ../Drivers/STM32F1xx_HAL_Driver/Src/stm32f1xx_hal.c 0x00000000   Number         0  stm32f1xx_hal.o ABSOLUTE
    ../Drivers/STM32F1xx_HAL_Driver/Src/stm32f1xx_hal_cortex.c 0x00000000   Number         0  stm32f1xx_hal_cortex.o ABSOLUTE
    ../Drivers/STM32F1xx_HAL_Driver/Src/stm32f1xx_hal_dma.c 0x00000000   Number         0  stm32f1xx_hal_dma.o ABSOLUTE
    ../Drivers/STM32F1xx_HAL_Driver/Src/stm32f1xx_hal_exti.c 0x00000000   Number         0  stm32f1xx_hal_exti.o ABSOLUTE
    ../Drivers/STM32F1xx_HAL_Driver/Src/stm32f1xx_hal_flash.c 0x00000000   Number         0  stm32f1xx_hal_flash.o ABSOLUTE
    ../Drivers/STM32F1xx_HAL_Driver/Src/stm32f1xx_hal_flash_ex.c 0x00000000   Number         0  stm32f1xx_hal_flash_ex.o ABSOLUTE
    ../Drivers/STM32F1xx_HAL_Driver/Src/stm32f1xx_hal_gpio.c 0x00000000   Number         0  stm32f1xx_hal_gpio.o ABSOLUTE
    ../Drivers/STM32F1xx_HAL_Driver/Src/stm32f1xx_hal_gpio_ex.c 0x00000000   Number         0  stm32f1xx_hal_gpio_ex.o ABSOLUTE
    ../Drivers/STM32F1xx_HAL_Driver/Src/stm32f1xx_hal_pwr.c 0x00000000   Number         0  stm32f1xx_hal_pwr.o ABSOLUTE
    ../Drivers/STM32F1xx_HAL_Driver/Src/stm32f1xx_hal_rcc.c 0x00000000   Number         0  stm32f1xx_hal_rcc.o ABSOLUTE
    ../Drivers/STM32F1xx_HAL_Driver/Src/stm32f1xx_hal_rcc_ex.c 0x00000000   Number         0  stm32f1xx_hal_rcc_ex.o ABSOLUTE
    ../Drivers/STM32F1xx_HAL_Driver/Src/stm32f1xx_hal_spi.c 0x00000000   Number         0  stm32f1xx_hal_spi.o ABSOLUTE
    ../Drivers/STM32F1xx_HAL_Driver/Src/stm32f1xx_hal_tim.c 0x00000000   Number         0  stm32f1xx_hal_tim.o ABSOLUTE
    ../Drivers/STM32F1xx_HAL_Driver/Src/stm32f1xx_hal_tim_ex.c 0x00000000   Number         0  stm32f1xx_hal_tim_ex.o ABSOLUTE
    ../Drivers/STM32F1xx_HAL_Driver/Src/stm32f1xx_hal_uart.c 0x00000000   Number         0  stm32f1xx_hal_uart.o ABSOLUTE
    ../clib/microlib/division.c              0x00000000   Number         0  uidiv.o ABSOLUTE
    ../clib/microlib/division.c              0x00000000   Number         0  uldiv.o ABSOLUTE
    ../clib/microlib/init/entry.s            0x00000000   Number         0  entry8a.o ABSOLUTE
    ../clib/microlib/init/entry.s            0x00000000   Number         0  entry7b.o ABSOLUTE
    ../clib/microlib/init/entry.s            0x00000000   Number         0  entry7a.o ABSOLUTE
    ../clib/microlib/init/entry.s            0x00000000   Number         0  entry5.o ABSOLUTE
    ../clib/microlib/init/entry.s            0x00000000   Number         0  entry2.o ABSOLUTE
    ../clib/microlib/init/entry.s            0x00000000   Number         0  entry11a.o ABSOLUTE
    ../clib/microlib/init/entry.s            0x00000000   Number         0  entry12b.o ABSOLUTE
    ../clib/microlib/init/entry.s            0x00000000   Number         0  entry12a.o ABSOLUTE
    ../clib/microlib/init/entry.s            0x00000000   Number         0  entry11b.o ABSOLUTE
    ../clib/microlib/init/entry.s            0x00000000   Number         0  entry10b.o ABSOLUTE
    ../clib/microlib/init/entry.s            0x00000000   Number         0  entry10a.o ABSOLUTE
    ../clib/microlib/init/entry.s            0x00000000   Number         0  entry9b.o ABSOLUTE
    ../clib/microlib/init/entry.s            0x00000000   Number         0  entry9a.o ABSOLUTE
    ../clib/microlib/init/entry.s            0x00000000   Number         0  entry.o ABSOLUTE
    ../clib/microlib/init/entry.s            0x00000000   Number         0  entry8b.o ABSOLUTE
    ../clib/microlib/longlong.c              0x00000000   Number         0  llushr.o ABSOLUTE
    ../clib/microlib/longlong.c              0x00000000   Number         0  llsshr.o ABSOLUTE
    ../clib/microlib/longlong.c              0x00000000   Number         0  llshl.o ABSOLUTE
    ../clib/microlib/malloc/malloc.c         0x00000000   Number         0  mallocra.o ABSOLUTE
    ../clib/microlib/malloc/malloc.c         0x00000000   Number         0  malloc.o ABSOLUTE
    ../clib/microlib/malloc/malloc.c         0x00000000   Number         0  mallocr.o ABSOLUTE
    ../clib/microlib/malloc/malloc.c         0x00000000   Number         0  malloca.o ABSOLUTE
    ../clib/microlib/malloc/mvars.c          0x00000000   Number         0  mvars.o ABSOLUTE
    ../clib/microlib/printf/printf.c         0x00000000   Number         0  printfa.o ABSOLUTE
    ../clib/microlib/stdio/streams.c         0x00000000   Number         0  stdout.o ABSOLUTE
    ../clib/microlib/string/memcpy.c         0x00000000   Number         0  memcpya.o ABSOLUTE
    ../clib/microlib/string/memcpy.c         0x00000000   Number         0  memcpyb.o ABSOLUTE
    ../clib/microlib/string/memset.c         0x00000000   Number         0  memseta.o ABSOLUTE
    ../clib/microlib/string/strlen.c         0x00000000   Number         0  strlen.o ABSOLUTE
    ../clib/microlib/stubs.s                 0x00000000   Number         0  iusefp.o ABSOLUTE
    ../fplib/microlib/fpadd.c                0x00000000   Number         0  dadd.o ABSOLUTE
    ../fplib/microlib/fpdiv.c                0x00000000   Number         0  ddiv.o ABSOLUTE
    ../fplib/microlib/fpepilogue.c           0x00000000   Number         0  depilogue.o ABSOLUTE
    ../fplib/microlib/fpfix.c                0x00000000   Number         0  dfixul.o ABSOLUTE
    ../fplib/microlib/fpfix.c                0x00000000   Number         0  ffixui.o ABSOLUTE
    ../fplib/microlib/fpmul.c                0x00000000   Number         0  dmul.o ABSOLUTE
    ../fplib/microlib/fpmul.c                0x00000000   Number         0  fmul.o ABSOLUTE
    ..\Core\Src\dma.c                        0x00000000   Number         0  dma.o ABSOLUTE
    ..\Core\Src\gpio.c                       0x00000000   Number         0  gpio.o ABSOLUTE
    ..\Core\Src\main.c                       0x00000000   Number         0  main.o ABSOLUTE
    ..\Core\Src\spi.c                        0x00000000   Number         0  spi.o ABSOLUTE
    ..\Core\Src\stm32f1xx_hal_msp.c          0x00000000   Number         0  stm32f1xx_hal_msp.o ABSOLUTE
    ..\Core\Src\stm32f1xx_it.c               0x00000000   Number         0  stm32f1xx_it.o ABSOLUTE
    ..\Core\Src\system_stm32f1xx.c           0x00000000   Number         0  system_stm32f1xx.o ABSOLUTE
    ..\Core\Src\usart.c                      0x00000000   Number         0  usart.o ABSOLUTE
    ..\Drivers\STM32F1xx_HAL_Driver\Src\stm32f1xx_hal.c 0x00000000   Number         0  stm32f1xx_hal.o ABSOLUTE
    ..\Drivers\STM32F1xx_HAL_Driver\Src\stm32f1xx_hal_cortex.c 0x00000000   Number         0  stm32f1xx_hal_cortex.o ABSOLUTE
    ..\Drivers\STM32F1xx_HAL_Driver\Src\stm32f1xx_hal_dma.c 0x00000000   Number         0  stm32f1xx_hal_dma.o ABSOLUTE
    ..\Drivers\STM32F1xx_HAL_Driver\Src\stm32f1xx_hal_exti.c 0x00000000   Number         0  stm32f1xx_hal_exti.o ABSOLUTE
    ..\Drivers\STM32F1xx_HAL_Driver\Src\stm32f1xx_hal_flash.c 0x00000000   Number         0  stm32f1xx_hal_flash.o ABSOLUTE
    ..\Drivers\STM32F1xx_HAL_Driver\Src\stm32f1xx_hal_flash_ex.c 0x00000000   Number         0  stm32f1xx_hal_flash_ex.o ABSOLUTE
    ..\Drivers\STM32F1xx_HAL_Driver\Src\stm32f1xx_hal_gpio.c 0x00000000   Number         0  stm32f1xx_hal_gpio.o ABSOLUTE
    ..\Drivers\STM32F1xx_HAL_Driver\Src\stm32f1xx_hal_gpio_ex.c 0x00000000   Number         0  stm32f1xx_hal_gpio_ex.o ABSOLUTE
    ..\Drivers\STM32F1xx_HAL_Driver\Src\stm32f1xx_hal_pwr.c 0x00000000   Number         0  stm32f1xx_hal_pwr.o ABSOLUTE
    ..\Drivers\STM32F1xx_HAL_Driver\Src\stm32f1xx_hal_rcc.c 0x00000000   Number         0  stm32f1xx_hal_rcc.o ABSOLUTE
    ..\Drivers\STM32F1xx_HAL_Driver\Src\stm32f1xx_hal_rcc_ex.c 0x00000000   Number         0  stm32f1xx_hal_rcc_ex.o ABSOLUTE
    ..\Drivers\STM32F1xx_HAL_Driver\Src\stm32f1xx_hal_spi.c 0x00000000   Number         0  stm32f1xx_hal_spi.o ABSOLUTE
    ..\Drivers\STM32F1xx_HAL_Driver\Src\stm32f1xx_hal_tim.c 0x00000000   Number         0  stm32f1xx_hal_tim.o ABSOLUTE
    ..\Drivers\STM32F1xx_HAL_Driver\Src\stm32f1xx_hal_tim_ex.c 0x00000000   Number         0  stm32f1xx_hal_tim_ex.o ABSOLUTE
    ..\Drivers\STM32F1xx_HAL_Driver\Src\stm32f1xx_hal_uart.c 0x00000000   Number         0  stm32f1xx_hal_uart.o ABSOLUTE
    ..\\my_devices\\MyFLASH.c                0x00000000   Number         0  myflash.o ABSOLUTE
    ..\\my_devices\\Store.c                  0x00000000   Number         0  store.o ABSOLUTE
    ..\\my_devices\\W25QXX.c                 0x00000000   Number         0  w25qxx.o ABSOLUTE
    ..\\my_devices\\bootloader.c             0x00000000   Number         0  bootloader.o ABSOLUTE
    ..\\my_devices\\lcd.c                    0x00000000   Number         0  lcd.o ABSOLUTE
    ..\\my_devices\\lcd_init.c               0x00000000   Number         0  lcd_init.o ABSOLUTE
    ..\my_devices\MyFLASH.c                  0x00000000   Number         0  myflash.o ABSOLUTE
    ..\my_devices\Store.c                    0x00000000   Number         0  store.o ABSOLUTE
    ..\my_devices\W25QXX.c                   0x00000000   Number         0  w25qxx.o ABSOLUTE
    ..\my_devices\bootloader.c               0x00000000   Number         0  bootloader.o ABSOLUTE
    ..\my_devices\lcd.c                      0x00000000   Number         0  lcd.o ABSOLUTE
    ..\my_devices\lcd_init.c                 0x00000000   Number         0  lcd_init.o ABSOLUTE
    cdrcmple.s                               0x00000000   Number         0  cdrcmple.o ABSOLUTE
    dc.s                                     0x00000000   Number         0  dc.o ABSOLUTE
    handlers.s                               0x00000000   Number         0  handlers.o ABSOLUTE
    init.s                                   0x00000000   Number         0  init.o ABSOLUTE
    startup_stm32f103xb.s                    0x00000000   Number         0  startup_stm32f103xb.o ABSOLUTE
    RESET                                    0x08000000   Section      236  startup_stm32f103xb.o(RESET)
    .ARM.Collect$$$$00000000                 0x080000ec   Section        0  entry.o(.ARM.Collect$$$$00000000)
    .ARM.Collect$$$$00000001                 0x080000ec   Section        4  entry2.o(.ARM.Collect$$$$00000001)
    .ARM.Collect$$$$00000004                 0x080000f0   Section        4  entry5.o(.ARM.Collect$$$$00000004)
    .ARM.Collect$$$$00000008                 0x080000f4   Section        0  entry7b.o(.ARM.Collect$$$$00000008)
    .ARM.Collect$$$$0000000A                 0x080000f4   Section        0  entry8b.o(.ARM.Collect$$$$0000000A)
    .ARM.Collect$$$$0000000B                 0x080000f4   Section        8  entry9a.o(.ARM.Collect$$$$0000000B)
    .ARM.Collect$$$$0000000E                 0x080000fc   Section        4  entry12b.o(.ARM.Collect$$$$0000000E)
    .ARM.Collect$$$$0000000F                 0x08000100   Section        0  entry10a.o(.ARM.Collect$$$$0000000F)
    .ARM.Collect$$$$00000011                 0x08000100   Section        0  entry11a.o(.ARM.Collect$$$$00000011)
    .ARM.Collect$$$$00002712                 0x08000100   Section        4  entry2.o(.ARM.Collect$$$$00002712)
    __lit__00000000                          0x08000100   Data           4  entry2.o(.ARM.Collect$$$$00002712)
    .emb_text                                0x08000104   Section        6  bootloader.o(.emb_text)
    .text                                    0x0800010c   Section       36  startup_stm32f103xb.o(.text)
    .text                                    0x08000130   Section        0  llushr.o(.text)
    .text                                    0x08000150   Section        0  memseta.o(.text)
    .text                                    0x08000174   Section        0  strlen.o(.text)
    .text                                    0x08000182   Section        0  uidiv.o(.text)
    .text                                    0x080001ae   Section        0  uldiv.o(.text)
    .text                                    0x08000210   Section        0  dadd.o(.text)
    .text                                    0x08000210   Section        0  iusefp.o(.text)
    .text                                    0x0800035e   Section        0  dmul.o(.text)
    .text                                    0x08000442   Section        0  ddiv.o(.text)
    .text                                    0x08000520   Section        0  dfixul.o(.text)
    .text                                    0x08000550   Section       48  cdrcmple.o(.text)
    .text                                    0x08000580   Section       36  init.o(.text)
    .text                                    0x080005a4   Section        0  llshl.o(.text)
    .text                                    0x080005c2   Section        0  llsshr.o(.text)
    .text                                    0x080005e6   Section        0  depilogue.o(.text)
    i.BSP_W25Qx_Erase_Blocks                 0x080006a0   Section        0  w25qxx.o(i.BSP_W25Qx_Erase_Blocks)
    i.BSP_W25Qx_GetStatus                    0x080006c8   Section        0  w25qxx.o(i.BSP_W25Qx_GetStatus)
    BSP_W25Qx_GetStatus                      0x080006c9   Thumb Code    74  w25qxx.o(i.BSP_W25Qx_GetStatus)
    i.BSP_W25Qx_Init                         0x08000720   Section        0  w25qxx.o(i.BSP_W25Qx_Init)
    i.BSP_W25Qx_Read                         0x08000764   Section        0  w25qxx.o(i.BSP_W25Qx_Read)
    i.BSP_W25Qx_Write                        0x080007d0   Section        0  w25qxx.o(i.BSP_W25Qx_Write)
    i.BSP_W25Qx_WriteEnable                  0x0800089c   Section        0  w25qxx.o(i.BSP_W25Qx_WriteEnable)
    i.BSP_W25Qx_Write_Blocks                 0x080008fc   Section        0  w25qxx.o(i.BSP_W25Qx_Write_Blocks)
    i.BusFault_Handler                       0x0800091c   Section        0  stm32f1xx_it.o(i.BusFault_Handler)
    i.DMA1_Channel6_IRQHandler               0x08000920   Section        0  stm32f1xx_it.o(i.DMA1_Channel6_IRQHandler)
    i.DMA_SetConfig                          0x0800092c   Section        0  stm32f1xx_hal_dma.o(i.DMA_SetConfig)
    DMA_SetConfig                            0x0800092d   Thumb Code    42  stm32f1xx_hal_dma.o(i.DMA_SetConfig)
    i.DebugMon_Handler                       0x08000956   Section        0  stm32f1xx_it.o(i.DebugMon_Handler)
    i.Error_Handler                          0x08000958   Section        0  main.o(i.Error_Handler)
    i.FLASH_MassErase                        0x0800095c   Section        0  stm32f1xx_hal_flash_ex.o(i.FLASH_MassErase)
    FLASH_MassErase                          0x0800095d   Thumb Code    26  stm32f1xx_hal_flash_ex.o(i.FLASH_MassErase)
    i.FLASH_PageErase                        0x08000980   Section        0  stm32f1xx_hal_flash_ex.o(i.FLASH_PageErase)
    i.FLASH_Program_HalfWord                 0x080009a4   Section        0  stm32f1xx_hal_flash.o(i.FLASH_Program_HalfWord)
    FLASH_Program_HalfWord                   0x080009a5   Thumb Code    20  stm32f1xx_hal_flash.o(i.FLASH_Program_HalfWord)
    i.FLASH_SetErrorCode                     0x080009c0   Section        0  stm32f1xx_hal_flash.o(i.FLASH_SetErrorCode)
    FLASH_SetErrorCode                       0x080009c1   Thumb Code    84  stm32f1xx_hal_flash.o(i.FLASH_SetErrorCode)
    i.FLASH_WaitForLastOperation             0x08000a1c   Section        0  stm32f1xx_hal_flash.o(i.FLASH_WaitForLastOperation)
    i.HAL_DMA_Abort                          0x08000a70   Section        0  stm32f1xx_hal_dma.o(i.HAL_DMA_Abort)
    i.HAL_DMA_Abort_IT                       0x08000ab8   Section        0  stm32f1xx_hal_dma.o(i.HAL_DMA_Abort_IT)
    i.HAL_DMA_DeInit                         0x08000b50   Section        0  stm32f1xx_hal_dma.o(i.HAL_DMA_DeInit)
    i.HAL_DMA_IRQHandler                     0x08000bac   Section        0  stm32f1xx_hal_dma.o(i.HAL_DMA_IRQHandler)
    i.HAL_DMA_Init                           0x08000d00   Section        0  stm32f1xx_hal_dma.o(i.HAL_DMA_Init)
    i.HAL_DMA_Start_IT                       0x08000d5c   Section        0  stm32f1xx_hal_dma.o(i.HAL_DMA_Start_IT)
    i.HAL_Delay                              0x08000dcc   Section        0  stm32f1xx_hal.o(i.HAL_Delay)
    i.HAL_FLASHEx_Erase                      0x08000df0   Section        0  stm32f1xx_hal_flash_ex.o(i.HAL_FLASHEx_Erase)
    i.HAL_FLASH_Lock                         0x08000e98   Section        0  stm32f1xx_hal_flash.o(i.HAL_FLASH_Lock)
    i.HAL_FLASH_Program                      0x08000eac   Section        0  stm32f1xx_hal_flash.o(i.HAL_FLASH_Program)
    i.HAL_FLASH_Unlock                       0x08000f2c   Section        0  stm32f1xx_hal_flash.o(i.HAL_FLASH_Unlock)
    i.HAL_GPIO_DeInit                        0x08000f54   Section        0  stm32f1xx_hal_gpio.o(i.HAL_GPIO_DeInit)
    i.HAL_GPIO_Init                          0x0800106c   Section        0  stm32f1xx_hal_gpio.o(i.HAL_GPIO_Init)
    i.HAL_GPIO_WritePin                      0x0800124c   Section        0  stm32f1xx_hal_gpio.o(i.HAL_GPIO_WritePin)
    i.HAL_GetTick                            0x08001258   Section        0  stm32f1xx_hal.o(i.HAL_GetTick)
    i.HAL_IncTick                            0x08001264   Section        0  stm32f1xx_hal.o(i.HAL_IncTick)
    i.HAL_Init                               0x08001274   Section        0  stm32f1xx_hal.o(i.HAL_Init)
    i.HAL_InitTick                           0x08001298   Section        0  stm32f1xx_hal.o(i.HAL_InitTick)
    i.HAL_MspInit                            0x080012d8   Section        0  stm32f1xx_hal_msp.o(i.HAL_MspInit)
    i.HAL_NVIC_DisableIRQ                    0x08001314   Section        0  stm32f1xx_hal_cortex.o(i.HAL_NVIC_DisableIRQ)
    i.HAL_NVIC_EnableIRQ                     0x08001336   Section        0  stm32f1xx_hal_cortex.o(i.HAL_NVIC_EnableIRQ)
    i.HAL_NVIC_SetPriority                   0x08001350   Section        0  stm32f1xx_hal_cortex.o(i.HAL_NVIC_SetPriority)
    i.HAL_NVIC_SetPriorityGrouping           0x08001390   Section        0  stm32f1xx_hal_cortex.o(i.HAL_NVIC_SetPriorityGrouping)
    i.HAL_RCC_ClockConfig                    0x080013b4   Section        0  stm32f1xx_hal_rcc.o(i.HAL_RCC_ClockConfig)
    i.HAL_RCC_GetPCLK1Freq                   0x080014e0   Section        0  stm32f1xx_hal_rcc.o(i.HAL_RCC_GetPCLK1Freq)
    i.HAL_RCC_GetPCLK2Freq                   0x08001500   Section        0  stm32f1xx_hal_rcc.o(i.HAL_RCC_GetPCLK2Freq)
    i.HAL_RCC_GetSysClockFreq                0x08001520   Section        0  stm32f1xx_hal_rcc.o(i.HAL_RCC_GetSysClockFreq)
    i.HAL_RCC_OscConfig                      0x0800156c   Section        0  stm32f1xx_hal_rcc.o(i.HAL_RCC_OscConfig)
    i.HAL_SPI_DeInit                         0x0800188c   Section        0  stm32f1xx_hal_spi.o(i.HAL_SPI_DeInit)
    i.HAL_SPI_Init                           0x080018ba   Section        0  stm32f1xx_hal_spi.o(i.HAL_SPI_Init)
    i.HAL_SPI_MspDeInit                      0x0800196c   Section        0  spi.o(i.HAL_SPI_MspDeInit)
    i.HAL_SPI_MspInit                        0x08001998   Section        0  spi.o(i.HAL_SPI_MspInit)
    i.HAL_SPI_Receive                        0x08001a0c   Section        0  stm32f1xx_hal_spi.o(i.HAL_SPI_Receive)
    i.HAL_SPI_Transmit                       0x08001b60   Section        0  stm32f1xx_hal_spi.o(i.HAL_SPI_Transmit)
    i.HAL_SPI_TransmitReceive                0x08001cc6   Section        0  stm32f1xx_hal_spi.o(i.HAL_SPI_TransmitReceive)
    i.HAL_SYSTICK_Config                     0x08001eb6   Section        0  stm32f1xx_hal_cortex.o(i.HAL_SYSTICK_Config)
    i.HAL_UARTEx_RxEventCallback             0x08001ede   Section        0  stm32f1xx_hal_uart.o(i.HAL_UARTEx_RxEventCallback)
    i.HAL_UART_DMAStop                       0x08001ee0   Section        0  stm32f1xx_hal_uart.o(i.HAL_UART_DMAStop)
    i.HAL_UART_DeInit                        0x08001f50   Section        0  stm32f1xx_hal_uart.o(i.HAL_UART_DeInit)
    i.HAL_UART_ErrorCallback                 0x08001f86   Section        0  stm32f1xx_hal_uart.o(i.HAL_UART_ErrorCallback)
    i.HAL_UART_IRQHandler                    0x08001f88   Section        0  stm32f1xx_hal_uart.o(i.HAL_UART_IRQHandler)
    i.HAL_UART_Init                          0x080021f4   Section        0  stm32f1xx_hal_uart.o(i.HAL_UART_Init)
    i.HAL_UART_MspDeInit                     0x08002258   Section        0  usart.o(i.HAL_UART_MspDeInit)
    i.HAL_UART_MspInit                       0x080022b8   Section        0  usart.o(i.HAL_UART_MspInit)
    i.HAL_UART_Receive_DMA                   0x080023c0   Section        0  stm32f1xx_hal_uart.o(i.HAL_UART_Receive_DMA)
    i.HAL_UART_RxCpltCallback                0x080023dc   Section        0  stm32f1xx_hal_uart.o(i.HAL_UART_RxCpltCallback)
    i.HAL_UART_RxHalfCpltCallback            0x080023de   Section        0  stm32f1xx_hal_uart.o(i.HAL_UART_RxHalfCpltCallback)
    i.HAL_UART_Transmit                      0x080023e0   Section        0  stm32f1xx_hal_uart.o(i.HAL_UART_Transmit)
    i.HAL_UART_TxCpltCallback                0x08002480   Section        0  stm32f1xx_hal_uart.o(i.HAL_UART_TxCpltCallback)
    i.HardFault_Handler                      0x08002482   Section        0  stm32f1xx_it.o(i.HardFault_Handler)
    i.LCD_Address_Set                        0x08002484   Section        0  lcd_init.o(i.LCD_Address_Set)
    i.LCD_DrawPoint                          0x080024c2   Section        0  lcd.o(i.LCD_DrawPoint)
    i.LCD_Fill                               0x080024d8   Section        0  lcd.o(i.LCD_Fill)
    i.LCD_GPIO_Init                          0x08002518   Section        0  lcd_init.o(i.LCD_GPIO_Init)
    i.LCD_Init                               0x08002528   Section        0  lcd_init.o(i.LCD_Init)
    i.LCD_ShowChar                           0x08002730   Section        0  lcd.o(i.LCD_ShowChar)
    i.LCD_ShowString                         0x0800283c   Section        0  lcd.o(i.LCD_ShowString)
    i.LCD_WR_DATA                            0x08002876   Section        0  lcd_init.o(i.LCD_WR_DATA)
    i.LCD_WR_REG                             0x0800288c   Section        0  lcd_init.o(i.LCD_WR_REG)
    i.LCD_Writ_Bus                           0x080028b4   Section        0  lcd_init.o(i.LCD_Writ_Bus)
    i.MX_DMA_Init                            0x0800290c   Section        0  dma.o(i.MX_DMA_Init)
    i.MX_GPIO_Init                           0x08002938   Section        0  gpio.o(i.MX_GPIO_Init)
    i.MX_SPI2_Init                           0x08002a08   Section        0  spi.o(i.MX_SPI2_Init)
    i.MX_USART1_UART_Init                    0x08002a50   Section        0  usart.o(i.MX_USART1_UART_Init)
    i.MX_USART2_UART_Init                    0x08002a88   Section        0  usart.o(i.MX_USART2_UART_Init)
    i.MemManage_Handler                      0x08002ac0   Section        0  stm32f1xx_it.o(i.MemManage_Handler)
    i.MyFLASH_ErasePage                      0x08002ac2   Section        0  myflash.o(i.MyFLASH_ErasePage)
    i.MyFLASH_ProgramHalfWord                0x08002aec   Section        0  myflash.o(i.MyFLASH_ProgramHalfWord)
    i.MyFLASH_ReadHalfWord                   0x08002b0a   Section        0  myflash.o(i.MyFLASH_ReadHalfWord)
    i.NMI_Handler                            0x08002b0e   Section        0  stm32f1xx_it.o(i.NMI_Handler)
    i.PendSV_Handler                         0x08002b10   Section        0  stm32f1xx_it.o(i.PendSV_Handler)
    i.SPI_EndRxTransaction                   0x08002b12   Section        0  stm32f1xx_hal_spi.o(i.SPI_EndRxTransaction)
    SPI_EndRxTransaction                     0x08002b13   Thumb Code    92  stm32f1xx_hal_spi.o(i.SPI_EndRxTransaction)
    i.SPI_EndRxTxTransaction                 0x08002b6e   Section        0  stm32f1xx_hal_spi.o(i.SPI_EndRxTxTransaction)
    SPI_EndRxTxTransaction                   0x08002b6f   Thumb Code    52  stm32f1xx_hal_spi.o(i.SPI_EndRxTxTransaction)
    i.SPI_WaitFlagStateUntilTimeout          0x08002ba4   Section        0  stm32f1xx_hal_spi.o(i.SPI_WaitFlagStateUntilTimeout)
    SPI_WaitFlagStateUntilTimeout            0x08002ba5   Thumb Code   180  stm32f1xx_hal_spi.o(i.SPI_WaitFlagStateUntilTimeout)
    i.SVC_Handler                            0x08002c5c   Section        0  stm32f1xx_it.o(i.SVC_Handler)
    i.Store_Init                             0x08002c60   Section        0  store.o(i.Store_Init)
    i.Store_Save                             0x08002cc0   Section        0  store.o(i.Store_Save)
    i.SysTick_Handler                        0x08002cf4   Section        0  stm32f1xx_it.o(i.SysTick_Handler)
    i.SystemClock_Config                     0x08002cf8   Section        0  main.o(i.SystemClock_Config)
    i.SystemInit                             0x08002d56   Section        0  system_stm32f1xx.o(i.SystemInit)
    i.UART2_RX_PtrInit                       0x08002d58   Section        0  usart.o(i.UART2_RX_PtrInit)
    i.UART_DMAAbortOnError                   0x08002d78   Section        0  stm32f1xx_hal_uart.o(i.UART_DMAAbortOnError)
    UART_DMAAbortOnError                     0x08002d79   Thumb Code    16  stm32f1xx_hal_uart.o(i.UART_DMAAbortOnError)
    i.UART_DMAError                          0x08002d88   Section        0  stm32f1xx_hal_uart.o(i.UART_DMAError)
    UART_DMAError                            0x08002d89   Thumb Code    74  stm32f1xx_hal_uart.o(i.UART_DMAError)
    i.UART_DMAReceiveCplt                    0x08002dd2   Section        0  stm32f1xx_hal_uart.o(i.UART_DMAReceiveCplt)
    UART_DMAReceiveCplt                      0x08002dd3   Thumb Code   134  stm32f1xx_hal_uart.o(i.UART_DMAReceiveCplt)
    i.UART_DMARxHalfCplt                     0x08002e58   Section        0  stm32f1xx_hal_uart.o(i.UART_DMARxHalfCplt)
    UART_DMARxHalfCplt                       0x08002e59   Thumb Code    30  stm32f1xx_hal_uart.o(i.UART_DMARxHalfCplt)
    i.UART_EndRxTransfer                     0x08002e76   Section        0  stm32f1xx_hal_uart.o(i.UART_EndRxTransfer)
    UART_EndRxTransfer                       0x08002e77   Thumb Code    78  stm32f1xx_hal_uart.o(i.UART_EndRxTransfer)
    i.UART_EndTxTransfer                     0x08002ec4   Section        0  stm32f1xx_hal_uart.o(i.UART_EndTxTransfer)
    UART_EndTxTransfer                       0x08002ec5   Thumb Code    28  stm32f1xx_hal_uart.o(i.UART_EndTxTransfer)
    i.UART_Receive_IDLE                      0x08002ee0   Section        0  usart.o(i.UART_Receive_IDLE)
    i.UART_Receive_IT                        0x08002f74   Section        0  stm32f1xx_hal_uart.o(i.UART_Receive_IT)
    UART_Receive_IT                          0x08002f75   Thumb Code   194  stm32f1xx_hal_uart.o(i.UART_Receive_IT)
    i.UART_SetConfig                         0x08003038   Section        0  stm32f1xx_hal_uart.o(i.UART_SetConfig)
    UART_SetConfig                           0x08003039   Thumb Code   178  stm32f1xx_hal_uart.o(i.UART_SetConfig)
    i.UART_Start_Receive_DMA                 0x080030f0   Section        0  stm32f1xx_hal_uart.o(i.UART_Start_Receive_DMA)
    i.UART_WaitOnFlagUntilTimeout            0x08003180   Section        0  stm32f1xx_hal_uart.o(i.UART_WaitOnFlagUntilTimeout)
    UART_WaitOnFlagUntilTimeout              0x08003181   Thumb Code   114  stm32f1xx_hal_uart.o(i.UART_WaitOnFlagUntilTimeout)
    i.USART1_IRQHandler                      0x080031f4   Section        0  stm32f1xx_it.o(i.USART1_IRQHandler)
    i.USART2_IRQHandler                      0x08003200   Section        0  stm32f1xx_it.o(i.USART2_IRQHandler)
    i.UsageFault_Handler                     0x08003218   Section        0  stm32f1xx_it.o(i.UsageFault_Handler)
    i.__0vsprintf                            0x0800321c   Section        0  printfa.o(i.__0vsprintf)
    i.__NVIC_SetPriority                     0x08003240   Section        0  stm32f1xx_hal_cortex.o(i.__NVIC_SetPriority)
    __NVIC_SetPriority                       0x08003241   Thumb Code    32  stm32f1xx_hal_cortex.o(i.__NVIC_SetPriority)
    i.__scatterload_copy                     0x08003260   Section       14  handlers.o(i.__scatterload_copy)
    i.__scatterload_null                     0x0800326e   Section        2  handlers.o(i.__scatterload_null)
    i.__scatterload_zeroinit                 0x08003270   Section       14  handlers.o(i.__scatterload_zeroinit)
    i._fp_digits                             0x08003280   Section        0  printfa.o(i._fp_digits)
    _fp_digits                               0x08003281   Thumb Code   366  printfa.o(i._fp_digits)
    i._printf_core                           0x08003404   Section        0  printfa.o(i._printf_core)
    _printf_core                             0x08003405   Thumb Code  1704  printfa.o(i._printf_core)
    i._printf_post_padding                   0x08003ab8   Section        0  printfa.o(i._printf_post_padding)
    _printf_post_padding                     0x08003ab9   Thumb Code    36  printfa.o(i._printf_post_padding)
    i._printf_pre_padding                    0x08003adc   Section        0  printfa.o(i._printf_pre_padding)
    _printf_pre_padding                      0x08003add   Thumb Code    46  printfa.o(i._printf_pre_padding)
    i._sputc                                 0x08003b0a   Section        0  printfa.o(i._sputc)
    _sputc                                   0x08003b0b   Thumb Code    10  printfa.o(i._sputc)
    i.bootloader_clear                       0x08003b14   Section        0  bootloader.o(i.bootloader_clear)
    i.bootloader_enter                       0x08003b78   Section        0  bootloader.o(i.bootloader_enter)
    i.bootloader_event                       0x08003bd0   Section        0  bootloader.o(i.bootloader_event)
    i.bootloader_info                        0x08003c38   Section        0  bootloader.o(i.bootloader_info)
    i.bootloader_judge                       0x08003d18   Section        0  bootloader.o(i.bootloader_judge)
    i.lOAD_A                                 0x08003db4   Section        0  bootloader.o(i.lOAD_A)
    i.main                                   0x08003df8   Section        0  main.o(i.main)
    i.readota_flag                           0x08003fe8   Section        0  bootloader.o(i.readota_flag)
    i.wifi_printf                            0x08004004   Section        0  usart.o(i.wifi_printf)
    i.writeota_flag                          0x08004064   Section        0  bootloader.o(i.writeota_flag)
    .constdata                               0x0800407c   Section       18  stm32f1xx_hal_rcc.o(.constdata)
    aPredivFactorTable                       0x0800407c   Data           2  stm32f1xx_hal_rcc.o(.constdata)
    aPLLMULFactorTable                       0x0800407e   Data          16  stm32f1xx_hal_rcc.o(.constdata)
    .constdata                               0x0800408e   Section       16  system_stm32f1xx.o(.constdata)
    .constdata                               0x0800409e   Section        8  system_stm32f1xx.o(.constdata)
    .constdata                               0x080040a6   Section    14620  lcd.o(.constdata)
    .data                                    0x20000000   Section        8  main.o(.data)
    .data                                    0x20000008   Section       12  stm32f1xx_hal.o(.data)
    .data                                    0x20000014   Section        4  system_stm32f1xx.o(.data)
    .data                                    0x20000018   Section        4  bootloader.o(.data)
    .bss                                     0x2000001c   Section     1076  main.o(.bss)
    .bss                                     0x20000450   Section       88  spi.o(.bss)
    .bss                                     0x200004a8   Section     4408  usart.o(.bss)
    .bss                                     0x200015e0   Section       32  stm32f1xx_hal_flash.o(.bss)
    .bss                                     0x20001600   Section     1024  store.o(.bss)
    STACK                                    0x20001a00   Section     1024  startup_stm32f103xb.o(STACK)

    Global Symbols

    Symbol Name                              Value     Ov Type        Size  Object(Section)

    BuildAttributes$$THM_ISAv4$P$D$K$B$S$PE$A:L22UL41UL21$X:L11$S22US41US21$IEEE1$IW$USESV6$~STKCKD$USESV7$~SHL$OSPACE$ROPI$EBA8$MICROLIB$REQ8$PRES8$EABIv2 0x00000000   Number         0  anon$$obj.o ABSOLUTE
    __ARM_use_no_argv                        0x00000000   Number         0  main.o ABSOLUTE
    __arm_fini_                               - Undefined Weak Reference
    __cpp_initialize__aeabi_                  - Undefined Weak Reference
    __cxa_finalize                            - Undefined Weak Reference
    __decompress                              - Undefined Weak Reference
    _clock_init                               - Undefined Weak Reference
    _microlib_exit                            - Undefined Weak Reference
    __Vectors_Size                           0x000000ec   Number         0  startup_stm32f103xb.o ABSOLUTE
    __Vectors                                0x08000000   Data           4  startup_stm32f103xb.o(RESET)
    __Vectors_End                            0x080000ec   Data           0  startup_stm32f103xb.o(RESET)
    __main                                   0x080000ed   Thumb Code     0  entry.o(.ARM.Collect$$$$00000000)
    _main_stk                                0x080000ed   Thumb Code     0  entry2.o(.ARM.Collect$$$$00000001)
    _main_scatterload                        0x080000f1   Thumb Code     0  entry5.o(.ARM.Collect$$$$00000004)
    __main_after_scatterload                 0x080000f5   Thumb Code     0  entry5.o(.ARM.Collect$$$$00000004)
    _main_clock                              0x080000f5   Thumb Code     0  entry7b.o(.ARM.Collect$$$$00000008)
    _main_cpp_init                           0x080000f5   Thumb Code     0  entry8b.o(.ARM.Collect$$$$0000000A)
    _main_init                               0x080000f5   Thumb Code     0  entry9a.o(.ARM.Collect$$$$0000000B)
    __rt_lib_shutdown_fini                   0x080000fd   Thumb Code     0  entry12b.o(.ARM.Collect$$$$0000000E)
    __rt_final_cpp                           0x08000101   Thumb Code     0  entry10a.o(.ARM.Collect$$$$0000000F)
    __rt_final_exit                          0x08000101   Thumb Code     0  entry11a.o(.ARM.Collect$$$$00000011)
    MSR_SP                                   0x08000105   Thumb Code     6  bootloader.o(.emb_text)
    Reset_Handler                            0x0800010d   Thumb Code     8  startup_stm32f103xb.o(.text)
    ADC1_2_IRQHandler                        0x08000127   Thumb Code     0  startup_stm32f103xb.o(.text)
    CAN1_RX1_IRQHandler                      0x08000127   Thumb Code     0  startup_stm32f103xb.o(.text)
    CAN1_SCE_IRQHandler                      0x08000127   Thumb Code     0  startup_stm32f103xb.o(.text)
    DMA1_Channel1_IRQHandler                 0x08000127   Thumb Code     0  startup_stm32f103xb.o(.text)
    DMA1_Channel2_IRQHandler                 0x08000127   Thumb Code     0  startup_stm32f103xb.o(.text)
    DMA1_Channel3_IRQHandler                 0x08000127   Thumb Code     0  startup_stm32f103xb.o(.text)
    DMA1_Channel4_IRQHandler                 0x08000127   Thumb Code     0  startup_stm32f103xb.o(.text)
    DMA1_Channel5_IRQHandler                 0x08000127   Thumb Code     0  startup_stm32f103xb.o(.text)
    DMA1_Channel7_IRQHandler                 0x08000127   Thumb Code     0  startup_stm32f103xb.o(.text)
    EXTI0_IRQHandler                         0x08000127   Thumb Code     0  startup_stm32f103xb.o(.text)
    EXTI15_10_IRQHandler                     0x08000127   Thumb Code     0  startup_stm32f103xb.o(.text)
    EXTI1_IRQHandler                         0x08000127   Thumb Code     0  startup_stm32f103xb.o(.text)
    EXTI2_IRQHandler                         0x08000127   Thumb Code     0  startup_stm32f103xb.o(.text)
    EXTI3_IRQHandler                         0x08000127   Thumb Code     0  startup_stm32f103xb.o(.text)
    EXTI4_IRQHandler                         0x08000127   Thumb Code     0  startup_stm32f103xb.o(.text)
    EXTI9_5_IRQHandler                       0x08000127   Thumb Code     0  startup_stm32f103xb.o(.text)
    FLASH_IRQHandler                         0x08000127   Thumb Code     0  startup_stm32f103xb.o(.text)
    I2C1_ER_IRQHandler                       0x08000127   Thumb Code     0  startup_stm32f103xb.o(.text)
    I2C1_EV_IRQHandler                       0x08000127   Thumb Code     0  startup_stm32f103xb.o(.text)
    I2C2_ER_IRQHandler                       0x08000127   Thumb Code     0  startup_stm32f103xb.o(.text)
    I2C2_EV_IRQHandler                       0x08000127   Thumb Code     0  startup_stm32f103xb.o(.text)
    PVD_IRQHandler                           0x08000127   Thumb Code     0  startup_stm32f103xb.o(.text)
    RCC_IRQHandler                           0x08000127   Thumb Code     0  startup_stm32f103xb.o(.text)
    RTC_Alarm_IRQHandler                     0x08000127   Thumb Code     0  startup_stm32f103xb.o(.text)
    RTC_IRQHandler                           0x08000127   Thumb Code     0  startup_stm32f103xb.o(.text)
    SPI1_IRQHandler                          0x08000127   Thumb Code     0  startup_stm32f103xb.o(.text)
    SPI2_IRQHandler                          0x08000127   Thumb Code     0  startup_stm32f103xb.o(.text)
    TAMPER_IRQHandler                        0x08000127   Thumb Code     0  startup_stm32f103xb.o(.text)
    TIM1_BRK_IRQHandler                      0x08000127   Thumb Code     0  startup_stm32f103xb.o(.text)
    TIM1_CC_IRQHandler                       0x08000127   Thumb Code     0  startup_stm32f103xb.o(.text)
    TIM1_TRG_COM_IRQHandler                  0x08000127   Thumb Code     0  startup_stm32f103xb.o(.text)
    TIM1_UP_IRQHandler                       0x08000127   Thumb Code     0  startup_stm32f103xb.o(.text)
    TIM2_IRQHandler                          0x08000127   Thumb Code     0  startup_stm32f103xb.o(.text)
    TIM3_IRQHandler                          0x08000127   Thumb Code     0  startup_stm32f103xb.o(.text)
    TIM4_IRQHandler                          0x08000127   Thumb Code     0  startup_stm32f103xb.o(.text)
    USART3_IRQHandler                        0x08000127   Thumb Code     0  startup_stm32f103xb.o(.text)
    USBWakeUp_IRQHandler                     0x08000127   Thumb Code     0  startup_stm32f103xb.o(.text)
    USB_HP_CAN1_TX_IRQHandler                0x08000127   Thumb Code     0  startup_stm32f103xb.o(.text)
    USB_LP_CAN1_RX0_IRQHandler               0x08000127   Thumb Code     0  startup_stm32f103xb.o(.text)
    WWDG_IRQHandler                          0x08000127   Thumb Code     0  startup_stm32f103xb.o(.text)
    __aeabi_llsr                             0x08000131   Thumb Code    32  llushr.o(.text)
    _ll_ushift_r                             0x08000131   Thumb Code     0  llushr.o(.text)
    __aeabi_memset                           0x08000151   Thumb Code    14  memseta.o(.text)
    __aeabi_memset4                          0x08000151   Thumb Code     0  memseta.o(.text)
    __aeabi_memset8                          0x08000151   Thumb Code     0  memseta.o(.text)
    __aeabi_memclr                           0x0800015f   Thumb Code     4  memseta.o(.text)
    __aeabi_memclr4                          0x0800015f   Thumb Code     0  memseta.o(.text)
    __aeabi_memclr8                          0x0800015f   Thumb Code     0  memseta.o(.text)
    _memset$wrapper                          0x08000163   Thumb Code    18  memseta.o(.text)
    strlen                                   0x08000175   Thumb Code    14  strlen.o(.text)
    __aeabi_uidiv                            0x08000183   Thumb Code     0  uidiv.o(.text)
    __aeabi_uidivmod                         0x08000183   Thumb Code    44  uidiv.o(.text)
    __aeabi_uldivmod                         0x080001af   Thumb Code    98  uldiv.o(.text)
    __I$use$fp                               0x08000211   Thumb Code     0  iusefp.o(.text)
    __aeabi_dadd                             0x08000211   Thumb Code   322  dadd.o(.text)
    __aeabi_dsub                             0x08000353   Thumb Code     6  dadd.o(.text)
    __aeabi_drsub                            0x08000359   Thumb Code     6  dadd.o(.text)
    __aeabi_dmul                             0x0800035f   Thumb Code   228  dmul.o(.text)
    __aeabi_ddiv                             0x08000443   Thumb Code   222  ddiv.o(.text)
    __aeabi_d2ulz                            0x08000521   Thumb Code    48  dfixul.o(.text)
    __aeabi_cdrcmple                         0x08000551   Thumb Code    48  cdrcmple.o(.text)
    __scatterload                            0x08000581   Thumb Code    28  init.o(.text)
    __scatterload_rt2                        0x08000581   Thumb Code     0  init.o(.text)
    __aeabi_llsl                             0x080005a5   Thumb Code    30  llshl.o(.text)
    _ll_shift_l                              0x080005a5   Thumb Code     0  llshl.o(.text)
    __aeabi_lasr                             0x080005c3   Thumb Code    36  llsshr.o(.text)
    _ll_sshift_r                             0x080005c3   Thumb Code     0  llsshr.o(.text)
    _double_round                            0x080005e7   Thumb Code    30  depilogue.o(.text)
    _double_epilogue                         0x08000605   Thumb Code   156  depilogue.o(.text)
    BSP_W25Qx_Erase_Blocks                   0x080006a1   Thumb Code    38  w25qxx.o(i.BSP_W25Qx_Erase_Blocks)
    BSP_W25Qx_Init                           0x08000721   Thumb Code    56  w25qxx.o(i.BSP_W25Qx_Init)
    BSP_W25Qx_Read                           0x08000765   Thumb Code    98  w25qxx.o(i.BSP_W25Qx_Read)
    BSP_W25Qx_Write                          0x080007d1   Thumb Code   194  w25qxx.o(i.BSP_W25Qx_Write)
    BSP_W25Qx_WriteEnable                    0x0800089d   Thumb Code    82  w25qxx.o(i.BSP_W25Qx_WriteEnable)
    BSP_W25Qx_Write_Blocks                   0x080008fd   Thumb Code    32  w25qxx.o(i.BSP_W25Qx_Write_Blocks)
    BusFault_Handler                         0x0800091d   Thumb Code     2  stm32f1xx_it.o(i.BusFault_Handler)
    DMA1_Channel6_IRQHandler                 0x08000921   Thumb Code     6  stm32f1xx_it.o(i.DMA1_Channel6_IRQHandler)
    DebugMon_Handler                         0x08000957   Thumb Code     2  stm32f1xx_it.o(i.DebugMon_Handler)
    Error_Handler                            0x08000959   Thumb Code     4  main.o(i.Error_Handler)
    FLASH_PageErase                          0x08000981   Thumb Code    28  stm32f1xx_hal_flash_ex.o(i.FLASH_PageErase)
    FLASH_WaitForLastOperation               0x08000a1d   Thumb Code    80  stm32f1xx_hal_flash.o(i.FLASH_WaitForLastOperation)
    HAL_DMA_Abort                            0x08000a71   Thumb Code    70  stm32f1xx_hal_dma.o(i.HAL_DMA_Abort)
    HAL_DMA_Abort_IT                         0x08000ab9   Thumb Code   148  stm32f1xx_hal_dma.o(i.HAL_DMA_Abort_IT)
    HAL_DMA_DeInit                           0x08000b51   Thumb Code    84  stm32f1xx_hal_dma.o(i.HAL_DMA_DeInit)
    HAL_DMA_IRQHandler                       0x08000bad   Thumb Code   316  stm32f1xx_hal_dma.o(i.HAL_DMA_IRQHandler)
    HAL_DMA_Init                             0x08000d01   Thumb Code    84  stm32f1xx_hal_dma.o(i.HAL_DMA_Init)
    HAL_DMA_Start_IT                         0x08000d5d   Thumb Code   112  stm32f1xx_hal_dma.o(i.HAL_DMA_Start_IT)
    HAL_Delay                                0x08000dcd   Thumb Code    32  stm32f1xx_hal.o(i.HAL_Delay)
    HAL_FLASHEx_Erase                        0x08000df1   Thumb Code   160  stm32f1xx_hal_flash_ex.o(i.HAL_FLASHEx_Erase)
    HAL_FLASH_Lock                           0x08000e99   Thumb Code    14  stm32f1xx_hal_flash.o(i.HAL_FLASH_Lock)
    HAL_FLASH_Program                        0x08000ead   Thumb Code   120  stm32f1xx_hal_flash.o(i.HAL_FLASH_Program)
    HAL_FLASH_Unlock                         0x08000f2d   Thumb Code    28  stm32f1xx_hal_flash.o(i.HAL_FLASH_Unlock)
    HAL_GPIO_DeInit                          0x08000f55   Thumb Code   254  stm32f1xx_hal_gpio.o(i.HAL_GPIO_DeInit)
    HAL_GPIO_Init                            0x0800106d   Thumb Code   446  stm32f1xx_hal_gpio.o(i.HAL_GPIO_Init)
    HAL_GPIO_WritePin                        0x0800124d   Thumb Code    10  stm32f1xx_hal_gpio.o(i.HAL_GPIO_WritePin)
    HAL_GetTick                              0x08001259   Thumb Code     6  stm32f1xx_hal.o(i.HAL_GetTick)
    HAL_IncTick                              0x08001265   Thumb Code    12  stm32f1xx_hal.o(i.HAL_IncTick)
    HAL_Init                                 0x08001275   Thumb Code    32  stm32f1xx_hal.o(i.HAL_Init)
    HAL_InitTick                             0x08001299   Thumb Code    54  stm32f1xx_hal.o(i.HAL_InitTick)
    HAL_MspInit                              0x080012d9   Thumb Code    52  stm32f1xx_hal_msp.o(i.HAL_MspInit)
    HAL_NVIC_DisableIRQ                      0x08001315   Thumb Code    34  stm32f1xx_hal_cortex.o(i.HAL_NVIC_DisableIRQ)
    HAL_NVIC_EnableIRQ                       0x08001337   Thumb Code    26  stm32f1xx_hal_cortex.o(i.HAL_NVIC_EnableIRQ)
    HAL_NVIC_SetPriority                     0x08001351   Thumb Code    60  stm32f1xx_hal_cortex.o(i.HAL_NVIC_SetPriority)
    HAL_NVIC_SetPriorityGrouping             0x08001391   Thumb Code    26  stm32f1xx_hal_cortex.o(i.HAL_NVIC_SetPriorityGrouping)
    HAL_RCC_ClockConfig                      0x080013b5   Thumb Code   280  stm32f1xx_hal_rcc.o(i.HAL_RCC_ClockConfig)
    HAL_RCC_GetPCLK1Freq                     0x080014e1   Thumb Code    20  stm32f1xx_hal_rcc.o(i.HAL_RCC_GetPCLK1Freq)
    HAL_RCC_GetPCLK2Freq                     0x08001501   Thumb Code    20  stm32f1xx_hal_rcc.o(i.HAL_RCC_GetPCLK2Freq)
    HAL_RCC_GetSysClockFreq                  0x08001521   Thumb Code    58  stm32f1xx_hal_rcc.o(i.HAL_RCC_GetSysClockFreq)
    HAL_RCC_OscConfig                        0x0800156d   Thumb Code   778  stm32f1xx_hal_rcc.o(i.HAL_RCC_OscConfig)
    HAL_SPI_DeInit                           0x0800188d   Thumb Code    46  stm32f1xx_hal_spi.o(i.HAL_SPI_DeInit)
    HAL_SPI_Init                             0x080018bb   Thumb Code   178  stm32f1xx_hal_spi.o(i.HAL_SPI_Init)
    HAL_SPI_MspDeInit                        0x0800196d   Thumb Code    30  spi.o(i.HAL_SPI_MspDeInit)
    HAL_SPI_MspInit                          0x08001999   Thumb Code   102  spi.o(i.HAL_SPI_MspInit)
    HAL_SPI_Receive                          0x08001a0d   Thumb Code   340  stm32f1xx_hal_spi.o(i.HAL_SPI_Receive)
    HAL_SPI_Transmit                         0x08001b61   Thumb Code   358  stm32f1xx_hal_spi.o(i.HAL_SPI_Transmit)
    HAL_SPI_TransmitReceive                  0x08001cc7   Thumb Code   496  stm32f1xx_hal_spi.o(i.HAL_SPI_TransmitReceive)
    HAL_SYSTICK_Config                       0x08001eb7   Thumb Code    40  stm32f1xx_hal_cortex.o(i.HAL_SYSTICK_Config)
    HAL_UARTEx_RxEventCallback               0x08001edf   Thumb Code     2  stm32f1xx_hal_uart.o(i.HAL_UARTEx_RxEventCallback)
    HAL_UART_DMAStop                         0x08001ee1   Thumb Code   112  stm32f1xx_hal_uart.o(i.HAL_UART_DMAStop)
    HAL_UART_DeInit                          0x08001f51   Thumb Code    54  stm32f1xx_hal_uart.o(i.HAL_UART_DeInit)
    HAL_UART_ErrorCallback                   0x08001f87   Thumb Code     2  stm32f1xx_hal_uart.o(i.HAL_UART_ErrorCallback)
    HAL_UART_IRQHandler                      0x08001f89   Thumb Code   616  stm32f1xx_hal_uart.o(i.HAL_UART_IRQHandler)
    HAL_UART_Init                            0x080021f5   Thumb Code   100  stm32f1xx_hal_uart.o(i.HAL_UART_Init)
    HAL_UART_MspDeInit                       0x08002259   Thumb Code    78  usart.o(i.HAL_UART_MspDeInit)
    HAL_UART_MspInit                         0x080022b9   Thumb Code   238  usart.o(i.HAL_UART_MspInit)
    HAL_UART_Receive_DMA                     0x080023c1   Thumb Code    28  stm32f1xx_hal_uart.o(i.HAL_UART_Receive_DMA)
    HAL_UART_RxCpltCallback                  0x080023dd   Thumb Code     2  stm32f1xx_hal_uart.o(i.HAL_UART_RxCpltCallback)
    HAL_UART_RxHalfCpltCallback              0x080023df   Thumb Code     2  stm32f1xx_hal_uart.o(i.HAL_UART_RxHalfCpltCallback)
    HAL_UART_Transmit                        0x080023e1   Thumb Code   160  stm32f1xx_hal_uart.o(i.HAL_UART_Transmit)
    HAL_UART_TxCpltCallback                  0x08002481   Thumb Code     2  stm32f1xx_hal_uart.o(i.HAL_UART_TxCpltCallback)
    HardFault_Handler                        0x08002483   Thumb Code     2  stm32f1xx_it.o(i.HardFault_Handler)
    LCD_Address_Set                          0x08002485   Thumb Code    62  lcd_init.o(i.LCD_Address_Set)
    LCD_DrawPoint                            0x080024c3   Thumb Code    22  lcd.o(i.LCD_DrawPoint)
    LCD_Fill                                 0x080024d9   Thumb Code    62  lcd.o(i.LCD_Fill)
    LCD_GPIO_Init                            0x08002519   Thumb Code    12  lcd_init.o(i.LCD_GPIO_Init)
    LCD_Init                                 0x08002529   Thumb Code   516  lcd_init.o(i.LCD_Init)
    LCD_ShowChar                             0x08002731   Thumb Code   252  lcd.o(i.LCD_ShowChar)
    LCD_ShowString                           0x0800283d   Thumb Code    58  lcd.o(i.LCD_ShowString)
    LCD_WR_DATA                              0x08002877   Thumb Code    20  lcd_init.o(i.LCD_WR_DATA)
    LCD_WR_REG                               0x0800288d   Thumb Code    36  lcd_init.o(i.LCD_WR_REG)
    LCD_Writ_Bus                             0x080028b5   Thumb Code    82  lcd_init.o(i.LCD_Writ_Bus)
    MX_DMA_Init                              0x0800290d   Thumb Code    40  dma.o(i.MX_DMA_Init)
    MX_GPIO_Init                             0x08002939   Thumb Code   190  gpio.o(i.MX_GPIO_Init)
    MX_SPI2_Init                             0x08002a09   Thumb Code    62  spi.o(i.MX_SPI2_Init)
    MX_USART1_UART_Init                      0x08002a51   Thumb Code    48  usart.o(i.MX_USART1_UART_Init)
    MX_USART2_UART_Init                      0x08002a89   Thumb Code    48  usart.o(i.MX_USART2_UART_Init)
    MemManage_Handler                        0x08002ac1   Thumb Code     2  stm32f1xx_it.o(i.MemManage_Handler)
    MyFLASH_ErasePage                        0x08002ac3   Thumb Code    42  myflash.o(i.MyFLASH_ErasePage)
    MyFLASH_ProgramHalfWord                  0x08002aed   Thumb Code    30  myflash.o(i.MyFLASH_ProgramHalfWord)
    MyFLASH_ReadHalfWord                     0x08002b0b   Thumb Code     4  myflash.o(i.MyFLASH_ReadHalfWord)
    NMI_Handler                              0x08002b0f   Thumb Code     2  stm32f1xx_it.o(i.NMI_Handler)
    PendSV_Handler                           0x08002b11   Thumb Code     2  stm32f1xx_it.o(i.PendSV_Handler)
    SVC_Handler                              0x08002c5d   Thumb Code     2  stm32f1xx_it.o(i.SVC_Handler)
    Store_Init                               0x08002c61   Thumb Code    88  store.o(i.Store_Init)
    Store_Save                               0x08002cc1   Thumb Code    44  store.o(i.Store_Save)
    SysTick_Handler                          0x08002cf5   Thumb Code     4  stm32f1xx_it.o(i.SysTick_Handler)
    SystemClock_Config                       0x08002cf9   Thumb Code    94  main.o(i.SystemClock_Config)
    SystemInit                               0x08002d57   Thumb Code     2  system_stm32f1xx.o(i.SystemInit)
    UART2_RX_PtrInit                         0x08002d59   Thumb Code    28  usart.o(i.UART2_RX_PtrInit)
    UART_Receive_IDLE                        0x08002ee1   Thumb Code   136  usart.o(i.UART_Receive_IDLE)
    UART_Start_Receive_DMA                   0x080030f1   Thumb Code   130  stm32f1xx_hal_uart.o(i.UART_Start_Receive_DMA)
    USART1_IRQHandler                        0x080031f5   Thumb Code     6  stm32f1xx_it.o(i.USART1_IRQHandler)
    USART2_IRQHandler                        0x08003201   Thumb Code    18  stm32f1xx_it.o(i.USART2_IRQHandler)
    UsageFault_Handler                       0x08003219   Thumb Code     2  stm32f1xx_it.o(i.UsageFault_Handler)
    __0vsprintf                              0x0800321d   Thumb Code    30  printfa.o(i.__0vsprintf)
    __1vsprintf                              0x0800321d   Thumb Code     0  printfa.o(i.__0vsprintf)
    __2vsprintf                              0x0800321d   Thumb Code     0  printfa.o(i.__0vsprintf)
    __c89vsprintf                            0x0800321d   Thumb Code     0  printfa.o(i.__0vsprintf)
    vsprintf                                 0x0800321d   Thumb Code     0  printfa.o(i.__0vsprintf)
    __scatterload_copy                       0x08003261   Thumb Code    14  handlers.o(i.__scatterload_copy)
    __scatterload_null                       0x0800326f   Thumb Code     2  handlers.o(i.__scatterload_null)
    __scatterload_zeroinit                   0x08003271   Thumb Code    14  handlers.o(i.__scatterload_zeroinit)
    bootloader_clear                         0x08003b15   Thumb Code    66  bootloader.o(i.bootloader_clear)
    bootloader_enter                         0x08003b79   Thumb Code    46  bootloader.o(i.bootloader_enter)
    bootloader_event                         0x08003bd1   Thumb Code    74  bootloader.o(i.bootloader_event)
    bootloader_info                          0x08003c39   Thumb Code    54  bootloader.o(i.bootloader_info)
    bootloader_judge                         0x08003d19   Thumb Code    78  bootloader.o(i.bootloader_judge)
    lOAD_A                                   0x08003db5   Thumb Code    48  bootloader.o(i.lOAD_A)
    main                                     0x08003df9   Thumb Code   432  main.o(i.main)
    readota_flag                             0x08003fe9   Thumb Code    18  bootloader.o(i.readota_flag)
    wifi_printf                              0x08004005   Thumb Code    84  usart.o(i.wifi_printf)
    writeota_flag                            0x08004065   Thumb Code    20  bootloader.o(i.writeota_flag)
    AHBPrescTable                            0x0800408e   Data          16  system_stm32f1xx.o(.constdata)
    APBPrescTable                            0x0800409e   Data           8  system_stm32f1xx.o(.constdata)
    ascii_1206                               0x080040a6   Data        1140  lcd.o(.constdata)
    ascii_1608                               0x0800451a   Data        1520  lcd.o(.constdata)
    ascii_2412                               0x08004b0a   Data        4560  lcd.o(.constdata)
    ascii_3216                               0x08005cda   Data        6080  lcd.o(.constdata)
    tfont12                                  0x0800749a   Data         130  lcd.o(.constdata)
    tfont16                                  0x0800751c   Data         170  lcd.o(.constdata)
    tfont24                                  0x080075c6   Data         370  lcd.o(.constdata)
    tfont32                                  0x08007738   Data         650  lcd.o(.constdata)
    Region$$Table$$Base                      0x080079c4   Number         0  anon$$obj.o(Region$$Table)
    Region$$Table$$Limit                     0x080079e4   Number         0  anon$$obj.o(Region$$Table)
    i                                        0x20000000   Data           4  main.o(.data)
    boot_startflag                           0x20000004   Data           4  main.o(.data)
    uwTickFreq                               0x20000008   Data           1  stm32f1xx_hal.o(.data)
    uwTickPrio                               0x2000000c   Data           4  stm32f1xx_hal.o(.data)
    uwTick                                   0x20000010   Data           4  stm32f1xx_hal.o(.data)
    SystemCoreClock                          0x20000014   Data           4  system_stm32f1xx.o(.data)
    load_A                                   0x20000018   Data           4  bootloader.o(.data)
    OTA_Info_t                               0x2000001c   Data          48  main.o(.bss)
    UpData_Info_t                            0x2000004c   Data        1028  main.o(.bss)
    hspi2                                    0x20000450   Data          88  spi.o(.bss)
    WIFI_RX_Data_t                           0x200004a8   Data        4196  usart.o(.bss)
    huart1                                   0x2000150c   Data          72  usart.o(.bss)
    huart2                                   0x20001554   Data          72  usart.o(.bss)
    hdma_usart2_rx                           0x2000159c   Data          68  usart.o(.bss)
    pFlash                                   0x200015e0   Data          32  stm32f1xx_hal_flash.o(.bss)
    Store_Data                               0x20001600   Data        1024  store.o(.bss)
    __initial_sp                             0x20001e00   Data           0  startup_stm32f103xb.o(STACK)



==============================================================================

Memory Map of the image

  Image Entry point : 0x080000ed

  Load Region LR_IROM1 (Base: 0x08000000, Size: 0x00007a00, Max: 0x00008000, ABSOLUTE)

    Execution Region ER_IROM1 (Exec base: 0x08000000, Load base: 0x08000000, Size: 0x000079e4, Max: 0x00008000, ABSOLUTE)

    Exec Addr    Load Addr    Size         Type   Attr      Idx    E Section Name        Object

    0x08000000   0x08000000   0x000000ec   Data   RO            3    RESET               startup_stm32f103xb.o
    0x080000ec   0x080000ec   0x00000000   Code   RO         2722  * .ARM.Collect$$$$00000000  mc_w.l(entry.o)
    0x080000ec   0x080000ec   0x00000004   Code   RO         2791    .ARM.Collect$$$$00000001  mc_w.l(entry2.o)
    0x080000f0   0x080000f0   0x00000004   Code   RO         2794    .ARM.Collect$$$$00000004  mc_w.l(entry5.o)
    0x080000f4   0x080000f4   0x00000000   Code   RO         2796    .ARM.Collect$$$$00000008  mc_w.l(entry7b.o)
    0x080000f4   0x080000f4   0x00000000   Code   RO         2798    .ARM.Collect$$$$0000000A  mc_w.l(entry8b.o)
    0x080000f4   0x080000f4   0x00000008   Code   RO         2799    .ARM.Collect$$$$0000000B  mc_w.l(entry9a.o)
    0x080000fc   0x080000fc   0x00000004   Code   RO         2806    .ARM.Collect$$$$0000000E  mc_w.l(entry12b.o)
    0x08000100   0x08000100   0x00000000   Code   RO         2801    .ARM.Collect$$$$0000000F  mc_w.l(entry10a.o)
    0x08000100   0x08000100   0x00000000   Code   RO         2803    .ARM.Collect$$$$00000011  mc_w.l(entry11a.o)
    0x08000100   0x08000100   0x00000004   Code   RO         2792    .ARM.Collect$$$$00002712  mc_w.l(entry2.o)
    0x08000104   0x08000104   0x00000006   Code   RO         2546    .emb_text           bootloader.o
    0x0800010a   0x0800010a   0x00000002   PAD
    0x0800010c   0x0800010c   0x00000024   Code   RO            4    .text               startup_stm32f103xb.o
    0x08000130   0x08000130   0x00000020   Code   RO         2725    .text               mc_w.l(llushr.o)
    0x08000150   0x08000150   0x00000024   Code   RO         2727    .text               mc_w.l(memseta.o)
    0x08000174   0x08000174   0x0000000e   Code   RO         2729    .text               mc_w.l(strlen.o)
    0x08000182   0x08000182   0x0000002c   Code   RO         2808    .text               mc_w.l(uidiv.o)
    0x080001ae   0x080001ae   0x00000062   Code   RO         2810    .text               mc_w.l(uldiv.o)
    0x08000210   0x08000210   0x00000000   Code   RO         2818    .text               mc_w.l(iusefp.o)
    0x08000210   0x08000210   0x0000014e   Code   RO         2819    .text               mf_w.l(dadd.o)
    0x0800035e   0x0800035e   0x000000e4   Code   RO         2821    .text               mf_w.l(dmul.o)
    0x08000442   0x08000442   0x000000de   Code   RO         2823    .text               mf_w.l(ddiv.o)
    0x08000520   0x08000520   0x00000030   Code   RO         2825    .text               mf_w.l(dfixul.o)
    0x08000550   0x08000550   0x00000030   Code   RO         2827    .text               mf_w.l(cdrcmple.o)
    0x08000580   0x08000580   0x00000024   Code   RO         2829    .text               mc_w.l(init.o)
    0x080005a4   0x080005a4   0x0000001e   Code   RO         2831    .text               mc_w.l(llshl.o)
    0x080005c2   0x080005c2   0x00000024   Code   RO         2833    .text               mc_w.l(llsshr.o)
    0x080005e6   0x080005e6   0x000000ba   Code   RO         2835    .text               mf_w.l(depilogue.o)
    0x080006a0   0x080006a0   0x00000026   Code   RO         2255    i.BSP_W25Qx_Erase_Blocks  w25qxx.o
    0x080006c6   0x080006c6   0x00000002   PAD
    0x080006c8   0x080006c8   0x00000058   Code   RO         2257    i.BSP_W25Qx_GetStatus  w25qxx.o
    0x08000720   0x08000720   0x00000044   Code   RO         2258    i.BSP_W25Qx_Init    w25qxx.o
    0x08000764   0x08000764   0x0000006c   Code   RO         2259    i.BSP_W25Qx_Read    w25qxx.o
    0x080007d0   0x080007d0   0x000000cc   Code   RO         2261    i.BSP_W25Qx_Write   w25qxx.o
    0x0800089c   0x0800089c   0x00000060   Code   RO         2262    i.BSP_W25Qx_WriteEnable  w25qxx.o
    0x080008fc   0x080008fc   0x00000020   Code   RO         2263    i.BSP_W25Qx_Write_Blocks  w25qxx.o
    0x0800091c   0x0800091c   0x00000002   Code   RO          364    i.BusFault_Handler  stm32f1xx_it.o
    0x0800091e   0x0800091e   0x00000002   PAD
    0x08000920   0x08000920   0x0000000c   Code   RO          365    i.DMA1_Channel6_IRQHandler  stm32f1xx_it.o
    0x0800092c   0x0800092c   0x0000002a   Code   RO         1220    i.DMA_SetConfig     stm32f1xx_hal_dma.o
    0x08000956   0x08000956   0x00000002   Code   RO          366    i.DebugMon_Handler  stm32f1xx_it.o
    0x08000958   0x08000958   0x00000004   Code   RO           13    i.Error_Handler     main.o
    0x0800095c   0x0800095c   0x00000024   Code   RO         1660    i.FLASH_MassErase   stm32f1xx_hal_flash_ex.o
    0x08000980   0x08000980   0x00000024   Code   RO         1665    i.FLASH_PageErase   stm32f1xx_hal_flash_ex.o
    0x080009a4   0x080009a4   0x0000001c   Code   RO         1557    i.FLASH_Program_HalfWord  stm32f1xx_hal_flash.o
    0x080009c0   0x080009c0   0x0000005c   Code   RO         1558    i.FLASH_SetErrorCode  stm32f1xx_hal_flash.o
    0x08000a1c   0x08000a1c   0x00000054   Code   RO         1559    i.FLASH_WaitForLastOperation  stm32f1xx_hal_flash.o
    0x08000a70   0x08000a70   0x00000046   Code   RO         1221    i.HAL_DMA_Abort     stm32f1xx_hal_dma.o
    0x08000ab6   0x08000ab6   0x00000002   PAD
    0x08000ab8   0x08000ab8   0x00000098   Code   RO         1222    i.HAL_DMA_Abort_IT  stm32f1xx_hal_dma.o
    0x08000b50   0x08000b50   0x0000005c   Code   RO         1223    i.HAL_DMA_DeInit    stm32f1xx_hal_dma.o
    0x08000bac   0x08000bac   0x00000154   Code   RO         1226    i.HAL_DMA_IRQHandler  stm32f1xx_hal_dma.o
    0x08000d00   0x08000d00   0x0000005c   Code   RO         1227    i.HAL_DMA_Init      stm32f1xx_hal_dma.o
    0x08000d5c   0x08000d5c   0x00000070   Code   RO         1231    i.HAL_DMA_Start_IT  stm32f1xx_hal_dma.o
    0x08000dcc   0x08000dcc   0x00000024   Code   RO          847    i.HAL_Delay         stm32f1xx_hal.o
    0x08000df0   0x08000df0   0x000000a8   Code   RO         1666    i.HAL_FLASHEx_Erase  stm32f1xx_hal_flash_ex.o
    0x08000e98   0x08000e98   0x00000014   Code   RO         1563    i.HAL_FLASH_Lock    stm32f1xx_hal_flash.o
    0x08000eac   0x08000eac   0x00000080   Code   RO         1568    i.HAL_FLASH_Program  stm32f1xx_hal_flash.o
    0x08000f2c   0x08000f2c   0x00000028   Code   RO         1570    i.HAL_FLASH_Unlock  stm32f1xx_hal_flash.o
    0x08000f54   0x08000f54   0x00000118   Code   RO         1154    i.HAL_GPIO_DeInit   stm32f1xx_hal_gpio.o
    0x0800106c   0x0800106c   0x000001e0   Code   RO         1157    i.HAL_GPIO_Init     stm32f1xx_hal_gpio.o
    0x0800124c   0x0800124c   0x0000000a   Code   RO         1161    i.HAL_GPIO_WritePin  stm32f1xx_hal_gpio.o
    0x08001256   0x08001256   0x00000002   PAD
    0x08001258   0x08001258   0x0000000c   Code   RO          851    i.HAL_GetTick       stm32f1xx_hal.o
    0x08001264   0x08001264   0x00000010   Code   RO          857    i.HAL_IncTick       stm32f1xx_hal.o
    0x08001274   0x08001274   0x00000024   Code   RO          858    i.HAL_Init          stm32f1xx_hal.o
    0x08001298   0x08001298   0x00000040   Code   RO          859    i.HAL_InitTick      stm32f1xx_hal.o
    0x080012d8   0x080012d8   0x0000003c   Code   RO          458    i.HAL_MspInit       stm32f1xx_hal_msp.o
    0x08001314   0x08001314   0x00000022   Code   RO         1316    i.HAL_NVIC_DisableIRQ  stm32f1xx_hal_cortex.o
    0x08001336   0x08001336   0x0000001a   Code   RO         1317    i.HAL_NVIC_EnableIRQ  stm32f1xx_hal_cortex.o
    0x08001350   0x08001350   0x00000040   Code   RO         1323    i.HAL_NVIC_SetPriority  stm32f1xx_hal_cortex.o
    0x08001390   0x08001390   0x00000024   Code   RO         1324    i.HAL_NVIC_SetPriorityGrouping  stm32f1xx_hal_cortex.o
    0x080013b4   0x080013b4   0x0000012c   Code   RO         1015    i.HAL_RCC_ClockConfig  stm32f1xx_hal_rcc.o
    0x080014e0   0x080014e0   0x00000020   Code   RO         1022    i.HAL_RCC_GetPCLK1Freq  stm32f1xx_hal_rcc.o
    0x08001500   0x08001500   0x00000020   Code   RO         1023    i.HAL_RCC_GetPCLK2Freq  stm32f1xx_hal_rcc.o
    0x08001520   0x08001520   0x0000004c   Code   RO         1024    i.HAL_RCC_GetSysClockFreq  stm32f1xx_hal_rcc.o
    0x0800156c   0x0800156c   0x00000320   Code   RO         1027    i.HAL_RCC_OscConfig  stm32f1xx_hal_rcc.o
    0x0800188c   0x0800188c   0x0000002e   Code   RO          524    i.HAL_SPI_DeInit    stm32f1xx_hal_spi.o
    0x080018ba   0x080018ba   0x000000b2   Code   RO          529    i.HAL_SPI_Init      stm32f1xx_hal_spi.o
    0x0800196c   0x0800196c   0x0000002c   Code   RO          243    i.HAL_SPI_MspDeInit  spi.o
    0x08001998   0x08001998   0x00000074   Code   RO          244    i.HAL_SPI_MspInit   spi.o
    0x08001a0c   0x08001a0c   0x00000154   Code   RO          532    i.HAL_SPI_Receive   stm32f1xx_hal_spi.o
    0x08001b60   0x08001b60   0x00000166   Code   RO          537    i.HAL_SPI_Transmit  stm32f1xx_hal_spi.o
    0x08001cc6   0x08001cc6   0x000001f0   Code   RO          538    i.HAL_SPI_TransmitReceive  stm32f1xx_hal_spi.o
    0x08001eb6   0x08001eb6   0x00000028   Code   RO         1328    i.HAL_SYSTICK_Config  stm32f1xx_hal_cortex.o
    0x08001ede   0x08001ede   0x00000002   Code   RO         1865    i.HAL_UARTEx_RxEventCallback  stm32f1xx_hal_uart.o
    0x08001ee0   0x08001ee0   0x00000070   Code   RO         1877    i.HAL_UART_DMAStop  stm32f1xx_hal_uart.o
    0x08001f50   0x08001f50   0x00000036   Code   RO         1878    i.HAL_UART_DeInit   stm32f1xx_hal_uart.o
    0x08001f86   0x08001f86   0x00000002   Code   RO         1879    i.HAL_UART_ErrorCallback  stm32f1xx_hal_uart.o
    0x08001f88   0x08001f88   0x0000026c   Code   RO         1882    i.HAL_UART_IRQHandler  stm32f1xx_hal_uart.o
    0x080021f4   0x080021f4   0x00000064   Code   RO         1883    i.HAL_UART_Init     stm32f1xx_hal_uart.o
    0x08002258   0x08002258   0x00000060   Code   RO          285    i.HAL_UART_MspDeInit  usart.o
    0x080022b8   0x080022b8   0x00000108   Code   RO          286    i.HAL_UART_MspInit  usart.o
    0x080023c0   0x080023c0   0x0000001c   Code   RO         1887    i.HAL_UART_Receive_DMA  stm32f1xx_hal_uart.o
    0x080023dc   0x080023dc   0x00000002   Code   RO         1889    i.HAL_UART_RxCpltCallback  stm32f1xx_hal_uart.o
    0x080023de   0x080023de   0x00000002   Code   RO         1890    i.HAL_UART_RxHalfCpltCallback  stm32f1xx_hal_uart.o
    0x080023e0   0x080023e0   0x000000a0   Code   RO         1891    i.HAL_UART_Transmit  stm32f1xx_hal_uart.o
    0x08002480   0x08002480   0x00000002   Code   RO         1894    i.HAL_UART_TxCpltCallback  stm32f1xx_hal_uart.o
    0x08002482   0x08002482   0x00000002   Code   RO          367    i.HardFault_Handler  stm32f1xx_it.o
    0x08002484   0x08002484   0x0000003e   Code   RO         2483    i.LCD_Address_Set   lcd_init.o
    0x080024c2   0x080024c2   0x00000016   Code   RO         2339    i.LCD_DrawPoint     lcd.o
    0x080024d8   0x080024d8   0x0000003e   Code   RO         2341    i.LCD_Fill          lcd.o
    0x08002516   0x08002516   0x00000002   PAD
    0x08002518   0x08002518   0x00000010   Code   RO         2484    i.LCD_GPIO_Init     lcd_init.o
    0x08002528   0x08002528   0x00000208   Code   RO         2485    i.LCD_Init          lcd_init.o
    0x08002730   0x08002730   0x0000010c   Code   RO         2342    i.LCD_ShowChar      lcd.o
    0x0800283c   0x0800283c   0x0000003a   Code   RO         2354    i.LCD_ShowString    lcd.o
    0x08002876   0x08002876   0x00000014   Code   RO         2486    i.LCD_WR_DATA       lcd_init.o
    0x0800288a   0x0800288a   0x00000002   PAD
    0x0800288c   0x0800288c   0x00000028   Code   RO         2488    i.LCD_WR_REG        lcd_init.o
    0x080028b4   0x080028b4   0x00000058   Code   RO         2489    i.LCD_Writ_Bus      lcd_init.o
    0x0800290c   0x0800290c   0x0000002c   Code   RO          219    i.MX_DMA_Init       dma.o
    0x08002938   0x08002938   0x000000d0   Code   RO          187    i.MX_GPIO_Init      gpio.o
    0x08002a08   0x08002a08   0x00000048   Code   RO          245    i.MX_SPI2_Init      spi.o
    0x08002a50   0x08002a50   0x00000038   Code   RO          287    i.MX_USART1_UART_Init  usart.o
    0x08002a88   0x08002a88   0x00000038   Code   RO          288    i.MX_USART2_UART_Init  usart.o
    0x08002ac0   0x08002ac0   0x00000002   Code   RO          368    i.MemManage_Handler  stm32f1xx_it.o
    0x08002ac2   0x08002ac2   0x0000002a   Code   RO         2629    i.MyFLASH_ErasePage  myflash.o
    0x08002aec   0x08002aec   0x0000001e   Code   RO         2630    i.MyFLASH_ProgramHalfWord  myflash.o
    0x08002b0a   0x08002b0a   0x00000004   Code   RO         2633    i.MyFLASH_ReadHalfWord  myflash.o
    0x08002b0e   0x08002b0e   0x00000002   Code   RO          369    i.NMI_Handler       stm32f1xx_it.o
    0x08002b10   0x08002b10   0x00000002   Code   RO          370    i.PendSV_Handler    stm32f1xx_it.o
    0x08002b12   0x08002b12   0x0000005c   Code   RO          566    i.SPI_EndRxTransaction  stm32f1xx_hal_spi.o
    0x08002b6e   0x08002b6e   0x00000034   Code   RO          567    i.SPI_EndRxTxTransaction  stm32f1xx_hal_spi.o
    0x08002ba2   0x08002ba2   0x00000002   PAD
    0x08002ba4   0x08002ba4   0x000000b8   Code   RO          572    i.SPI_WaitFlagStateUntilTimeout  stm32f1xx_hal_spi.o
    0x08002c5c   0x08002c5c   0x00000002   Code   RO          371    i.SVC_Handler       stm32f1xx_it.o
    0x08002c5e   0x08002c5e   0x00000002   PAD
    0x08002c60   0x08002c60   0x00000060   Code   RO         2687    i.Store_Init        store.o
    0x08002cc0   0x08002cc0   0x00000034   Code   RO         2688    i.Store_Save        store.o
    0x08002cf4   0x08002cf4   0x00000004   Code   RO          372    i.SysTick_Handler   stm32f1xx_it.o
    0x08002cf8   0x08002cf8   0x0000005e   Code   RO           14    i.SystemClock_Config  main.o
    0x08002d56   0x08002d56   0x00000002   Code   RO         2217    i.SystemInit        system_stm32f1xx.o
    0x08002d58   0x08002d58   0x00000020   Code   RO          289    i.UART2_RX_PtrInit  usart.o
    0x08002d78   0x08002d78   0x00000010   Code   RO         1896    i.UART_DMAAbortOnError  stm32f1xx_hal_uart.o
    0x08002d88   0x08002d88   0x0000004a   Code   RO         1897    i.UART_DMAError     stm32f1xx_hal_uart.o
    0x08002dd2   0x08002dd2   0x00000086   Code   RO         1898    i.UART_DMAReceiveCplt  stm32f1xx_hal_uart.o
    0x08002e58   0x08002e58   0x0000001e   Code   RO         1900    i.UART_DMARxHalfCplt  stm32f1xx_hal_uart.o
    0x08002e76   0x08002e76   0x0000004e   Code   RO         1906    i.UART_EndRxTransfer  stm32f1xx_hal_uart.o
    0x08002ec4   0x08002ec4   0x0000001c   Code   RO         1907    i.UART_EndTxTransfer  stm32f1xx_hal_uart.o
    0x08002ee0   0x08002ee0   0x00000094   Code   RO          290    i.UART_Receive_IDLE  usart.o
    0x08002f74   0x08002f74   0x000000c2   Code   RO         1908    i.UART_Receive_IT   stm32f1xx_hal_uart.o
    0x08003036   0x08003036   0x00000002   PAD
    0x08003038   0x08003038   0x000000b8   Code   RO         1909    i.UART_SetConfig    stm32f1xx_hal_uart.o
    0x080030f0   0x080030f0   0x00000090   Code   RO         1910    i.UART_Start_Receive_DMA  stm32f1xx_hal_uart.o
    0x08003180   0x08003180   0x00000072   Code   RO         1912    i.UART_WaitOnFlagUntilTimeout  stm32f1xx_hal_uart.o
    0x080031f2   0x080031f2   0x00000002   PAD
    0x080031f4   0x080031f4   0x0000000c   Code   RO          373    i.USART1_IRQHandler  stm32f1xx_it.o
    0x08003200   0x08003200   0x00000018   Code   RO          374    i.USART2_IRQHandler  stm32f1xx_it.o
    0x08003218   0x08003218   0x00000002   Code   RO          375    i.UsageFault_Handler  stm32f1xx_it.o
    0x0800321a   0x0800321a   0x00000002   PAD
    0x0800321c   0x0800321c   0x00000024   Code   RO         2738    i.__0vsprintf       mc_w.l(printfa.o)
    0x08003240   0x08003240   0x00000020   Code   RO         1330    i.__NVIC_SetPriority  stm32f1xx_hal_cortex.o
    0x08003260   0x08003260   0x0000000e   Code   RO         2839    i.__scatterload_copy  mc_w.l(handlers.o)
    0x0800326e   0x0800326e   0x00000002   Code   RO         2840    i.__scatterload_null  mc_w.l(handlers.o)
    0x08003270   0x08003270   0x0000000e   Code   RO         2841    i.__scatterload_zeroinit  mc_w.l(handlers.o)
    0x0800327e   0x0800327e   0x00000002   PAD
    0x08003280   0x08003280   0x00000184   Code   RO         2739    i._fp_digits        mc_w.l(printfa.o)
    0x08003404   0x08003404   0x000006b4   Code   RO         2740    i._printf_core      mc_w.l(printfa.o)
    0x08003ab8   0x08003ab8   0x00000024   Code   RO         2741    i._printf_post_padding  mc_w.l(printfa.o)
    0x08003adc   0x08003adc   0x0000002e   Code   RO         2742    i._printf_pre_padding  mc_w.l(printfa.o)
    0x08003b0a   0x08003b0a   0x0000000a   Code   RO         2744    i._sputc            mc_w.l(printfa.o)
    0x08003b14   0x08003b14   0x00000064   Code   RO         2547    i.bootloader_clear  bootloader.o
    0x08003b78   0x08003b78   0x00000058   Code   RO         2548    i.bootloader_enter  bootloader.o
    0x08003bd0   0x08003bd0   0x00000068   Code   RO         2549    i.bootloader_event  bootloader.o
    0x08003c38   0x08003c38   0x000000e0   Code   RO         2550    i.bootloader_info   bootloader.o
    0x08003d18   0x08003d18   0x0000009c   Code   RO         2551    i.bootloader_judge  bootloader.o
    0x08003db4   0x08003db4   0x00000044   Code   RO         2552    i.lOAD_A            bootloader.o
    0x08003df8   0x08003df8   0x000001f0   Code   RO           15    i.main              main.o
    0x08003fe8   0x08003fe8   0x0000001c   Code   RO         2553    i.readota_flag      bootloader.o
    0x08004004   0x08004004   0x00000060   Code   RO          292    i.wifi_printf       usart.o
    0x08004064   0x08004064   0x00000018   Code   RO         2554    i.writeota_flag     bootloader.o
    0x0800407c   0x0800407c   0x00000012   Data   RO         1028    .constdata          stm32f1xx_hal_rcc.o
    0x0800408e   0x0800408e   0x00000010   Data   RO         2218    .constdata          system_stm32f1xx.o
    0x0800409e   0x0800409e   0x00000008   Data   RO         2219    .constdata          system_stm32f1xx.o
    0x080040a6   0x080040a6   0x0000391c   Data   RO         2356    .constdata          lcd.o
    0x080079c2   0x080079c2   0x00000002   PAD
    0x080079c4   0x080079c4   0x00000020   Data   RO         2837    Region$$Table       anon$$obj.o


    Execution Region RW_IRAM1 (Exec base: 0x20000000, Load base: 0x080079e4, Size: 0x00001e00, Max: 0x00005000, ABSOLUTE)

    Exec Addr    Load Addr    Size         Type   Attr      Idx    E Section Name        Object

    0x20000000   0x080079e4   0x00000008   Data   RW           20    .data               main.o
    0x20000008   0x080079ec   0x0000000c   Data   RW          865    .data               stm32f1xx_hal.o
    0x20000014   0x080079f8   0x00000004   Data   RW         2220    .data               system_stm32f1xx.o
    0x20000018   0x080079fc   0x00000004   Data   RW         2555    .data               bootloader.o
    0x2000001c        -       0x00000434   Zero   RW           18    .bss                main.o
    0x20000450        -       0x00000058   Zero   RW          246    .bss                spi.o
    0x200004a8        -       0x00001138   Zero   RW          293    .bss                usart.o
    0x200015e0        -       0x00000020   Zero   RW         1571    .bss                stm32f1xx_hal_flash.o
    0x20001600        -       0x00000400   Zero   RW         2689    .bss                store.o
    0x20001a00        -       0x00000400   Zero   RW            1    STACK               startup_stm32f103xb.o


==============================================================================

Image component sizes


      Code (inc. data)   RO Data    RW Data    ZI Data      Debug   Object Name

       798        388          0          4          0       6030   bootloader.o
        44          4          0          0          0        778   dma.o
       208         18          0          0          0        999   gpio.o
       410         16      14620          0          0       5143   lcd.o
       746         18          0          0          0       5852   lcd_init.o
       594         64          0          8       1076     436618   main.o
        76          0          0          0          0       1729   myflash.o
       232         38          0          0         88       2181   spi.o
        36          8        236          0       1024        812   startup_stm32f103xb.o
       164         28          0         12          0       5985   stm32f1xx_hal.o
       232         14          0          0          0      29689   stm32f1xx_hal_cortex.o
       900         44          0          0          0       5739   stm32f1xx_hal_dma.o
       392         46          0          0         32       4810   stm32f1xx_hal_flash.o
       240         26          0          0          0       3285   stm32f1xx_hal_flash_ex.o
       770         60          0          0          0       3894   stm32f1xx_hal_gpio.o
        60          8          0          0          0        894   stm32f1xx_hal_msp.o
      1240         84         18          0          0       5172   stm32f1xx_hal_rcc.o
      1746          4          0          0          0       8795   stm32f1xx_hal_spi.o
      2080         24          0          0          0      16223   stm32f1xx_hal_uart.o
        68         18          0          0          0       5353   stm32f1xx_it.o
       148         16          0          0       1024       1819   store.o
         2          0         24          4          0       1143   system_stm32f1xx.o
       748         88          0          0       4408       6327   usart.o
       634         60          0          0          0       5174   w25qxx.o

    ----------------------------------------------------------------------
     12592       1074      14932         28       7652     564444   Object Totals
         0          0         32          0          0          0   (incl. Generated)
        24          0          2          0          0          0   (incl. Padding)

    ----------------------------------------------------------------------

      Code (inc. data)   RO Data    RW Data    ZI Data      Debug   Library Member Name

         0          0          0          0          0          0   entry.o
         0          0          0          0          0          0   entry10a.o
         0          0          0          0          0          0   entry11a.o
         4          0          0          0          0          0   entry12b.o
         8          4          0          0          0          0   entry2.o
         4          0          0          0          0          0   entry5.o
         0          0          0          0          0          0   entry7b.o
         0          0          0          0          0          0   entry8b.o
         8          4          0          0          0          0   entry9a.o
        30          0          0          0          0          0   handlers.o
        36          8          0          0          0         68   init.o
         0          0          0          0          0          0   iusefp.o
        30          0          0          0          0         68   llshl.o
        36          0          0          0          0         68   llsshr.o
        32          0          0          0          0         68   llushr.o
        36          0          0          0          0        108   memseta.o
      2232         86          0          0          0        528   printfa.o
        14          0          0          0          0         68   strlen.o
        44          0          0          0          0         80   uidiv.o
        98          0          0          0          0         92   uldiv.o
        48          0          0          0          0         68   cdrcmple.o
       334          0          0          0          0        148   dadd.o
       222          0          0          0          0        100   ddiv.o
       186          0          0          0          0        176   depilogue.o
        48          0          0          0          0         68   dfixul.o
       228          0          0          0          0         96   dmul.o

    ----------------------------------------------------------------------
      3680        102          0          0          0       1804   Library Totals
         2          0          0          0          0          0   (incl. Padding)

    ----------------------------------------------------------------------

      Code (inc. data)   RO Data    RW Data    ZI Data      Debug   Library Name

      2612        102          0          0          0       1148   mc_w.l
      1066          0          0          0          0        656   mf_w.l

    ----------------------------------------------------------------------
      3680        102          0          0          0       1804   Library Totals

    ----------------------------------------------------------------------

==============================================================================


      Code (inc. data)   RO Data    RW Data    ZI Data      Debug   

     16272       1176      14932         28       7652     559276   Grand Totals
     16272       1176      14932         28       7652     559276   ELF Image Totals
     16272       1176      14932         28          0          0   ROM Totals

==============================================================================

    Total RO  Size (Code + RO Data)                31204 (  30.47kB)
    Total RW  Size (RW Data + ZI Data)              7680 (   7.50kB)
    Total ROM Size (Code + RO Data + RW Data)      31232 (  30.50kB)

==============================================================================

